<html>
<body>
<pre>
<h1>µVision Build Log</h1>
<h2>Tool Versions:</h2>
IDE-Version: ¦ÌVision V5.40.0.0
Copyright (C) 2024 ARM Ltd and ARM Germany GmbH. All rights reserved.
License Information: 1 1, 1, LIC=QF82M-XDHW3-X7GRZ-J3S4Z-KPD1T-SZZ3U
 
Tool Versions:
Toolchain:       MDK-ARM Plus  Version: 5.40.0.3
Toolchain Path:  D:\keil5\ARM\ARMCLANG\Bin
C Compiler:      ArmClang.exe V6.22
Assembler:       Armasm.exe V6.22
Linker/Locator:  ArmLink.exe V6.22
Library Manager: ArmAr.exe V6.22
Hex Converter:   FromElf.exe V6.22
CPU DLL:         SARMCM3.DLL V5.40.0.3
Dialog DLL:      DARMCM1.DLL V1.19.6.0
Target DLL:      CMSIS_AGDI.dll V1.33.18.0
Dialog DLL:      TARMCM1.DLL V1.14.6.0
 
<h2>Project:</h2>
D:\git\cx2612-heat_mat\MDK\Project.uvprojx
Project File Date:  07/02/2026

<h2>Output:</h2>
*** Using Compiler 'V6.22', folder: 'D:\keil5\ARM\ARMCLANG\Bin'
Build target 'Porject'
compiling sif.c...
linking...
Program Size: Code=6418 RO-data=146 RW-data=0 ZI-data=744  
FromELF: creating hex file...
".\Out\Project.axf" - 0 Error(s), 0 Warning(s).

<h2>Software Packages used:</h2>

Package Vendor: ARM
                https://www.keil.com/pack/ARM.CMSIS.6.1.0.pack
                ARM::CMSIS@6.1.0
                CMSIS (Common Microcontroller Software Interface Standard)
   * Component: CORE Version: 6.1.0

Package Vendor: PAI-IC
                https://pai-ic.com/PAI-IC.PT32Y003_DFP.1.6.0.pack
                PAI-IC::PT32Y003_DFP@1.6.0
                PT32Y003 ARM Cortex-M0 Device Family Pack

<h2>Collection of Component include folders:</h2>
  ./RTE/_Porject
  D:/keil5/ARM/pack/ARM/CMSIS/6.1.0/CMSIS/Core/Include

<h2>Collection of Component Files used:</h2>

   * Component: ARM::CMSIS:CORE@6.1.0
Build Time Elapsed:  00:00:00
</pre>
</body>
</html>
