<!doctype html public "-//w3c//dtd html 4.0 transitional//en">
<html><head>
<title>Static Call Graph - [.\Out\Project.axf]</title></head>
<body><HR>
<H1>Static Call Graph for image .\Out\Project.axf</H1><HR>
<BR><P>#&#060CALLGRAPH&#062# ARM Linker, 6220000: Last Updated: Mon Jul  6 16:24:53 2026
<BR><P>
<H3>Maximum Stack Usage =        184 bytes + Unknown(Cycles, Untraceable Function Pointers)</H3><H3>
Call chain for Maximum Stack Depth:</H3>
main &rArr; PWM_OCInit &rArr; assert_failed &rArr; Uart_SendStr &rArr; vsnprintf
<P>
<H3>
Mutually Recursive functions
</H3> <LI><a href="#[6]">HSEFAIL_Handler</a>&nbsp;&nbsp;&nbsp;&rArr;&nbsp;&nbsp;&nbsp;<a href="#[6]">HSEFAIL_Handler</a><BR>
 <LI><a href="#[2]">HardFault_Handler</a>&nbsp;&nbsp;&nbsp;&rArr;&nbsp;&nbsp;&nbsp;<a href="#[2]">HardFault_Handler</a><BR>
</UL>
<P>
<H3>
Function Pointers
</H3><UL>
 <LI><a href="#[c]">ADC_Handler</a> from lto-llvm-ffebee.o(.text.ADC_Handler) referenced from startup_pt32y003x.o(RESET)
 <LI><a href="#[8]">EXTIA_Handler</a> from lto-llvm-ffebee.o(.text.EXTIA_Handler) referenced from startup_pt32y003x.o(RESET)
 <LI><a href="#[9]">EXTIB_Handler</a> from lto-llvm-ffebee.o(.text.EXTIB_Handler) referenced from startup_pt32y003x.o(RESET)
 <LI><a href="#[a]">EXTIC_Handler</a> from lto-llvm-ffebee.o(.text.EXTIC_Handler) referenced from startup_pt32y003x.o(RESET)
 <LI><a href="#[b]">EXTID_Handler</a> from lto-llvm-ffebee.o(.text.EXTID_Handler) referenced from startup_pt32y003x.o(RESET)
 <LI><a href="#[6]">HSEFAIL_Handler</a> from startup_pt32y003x.o(RESET) referenced from startup_pt32y003x.o(RESET)
 <LI><a href="#[2]">HardFault_Handler</a> from lto-llvm-ffebee.o(.text.HardFault_Handler) referenced from startup_pt32y003x.o(RESET)
 <LI><a href="#[12]">I2C0_Handler</a> from lto-llvm-ffebee.o(.text.I2C0_Handler) referenced from startup_pt32y003x.o(RESET)
 <LI><a href="#[7]">IMMC_Handler</a> from lto-llvm-ffebee.o(.text.IMMC_Handler) referenced from startup_pt32y003x.o(RESET)
 <LI><a href="#[1]">NMI_Handler</a> from lto-llvm-ffebee.o(.text.NMI_Handler) referenced from startup_pt32y003x.o(RESET)
 <LI><a href="#[11]">PVD_Handler</a> from lto-llvm-ffebee.o(.text.PVD_Handler) referenced from startup_pt32y003x.o(RESET)
 <LI><a href="#[4]">PendSV_Handler</a> from lto-llvm-ffebee.o(.text.PendSV_Handler) referenced from startup_pt32y003x.o(RESET)
 <LI><a href="#[0]">Reset_Handler</a> from startup_pt32y003x.o(RESET) referenced from startup_pt32y003x.o(RESET)
 <LI><a href="#[13]">SPI0_Handler</a> from lto-llvm-ffebee.o(.text.SPI0_Handler) referenced from startup_pt32y003x.o(RESET)
 <LI><a href="#[3]">SVC_Handler</a> from lto-llvm-ffebee.o(.text.SVC_Handler) referenced from startup_pt32y003x.o(RESET)
 <LI><a href="#[5]">SysTick_Handler</a> from lto-llvm-ffebee.o(.text.SysTick_Handler) referenced from startup_pt32y003x.o(RESET)
 <LI><a href="#[16]">SystemInit</a> from lto-llvm-ffebee.o(.text.SystemInit) referenced from startup_pt32y003x.o(RESET)
 <LI><a href="#[d]">TIM1_Handler</a> from lto-llvm-ffebee.o(.text.TIM1_Handler) referenced from startup_pt32y003x.o(RESET)
 <LI><a href="#[10]">TIM2_Handler</a> from lto-llvm-ffebee.o(.text.TIM2_Handler) referenced from startup_pt32y003x.o(RESET)
 <LI><a href="#[f]">TIM3_Handler</a> from lto-llvm-ffebee.o(.text.TIM3_Handler) referenced from startup_pt32y003x.o(RESET)
 <LI><a href="#[e]">TIM4_Handler</a> from lto-llvm-ffebee.o(.text.TIM4_Handler) referenced from startup_pt32y003x.o(RESET)
 <LI><a href="#[14]">UART0_Handler</a> from lto-llvm-ffebee.o(.text.UART0_Handler) referenced from startup_pt32y003x.o(RESET)
 <LI><a href="#[15]">UART1_Handler</a> from lto-llvm-ffebee.o(.text.UART1_Handler) referenced from startup_pt32y003x.o(RESET)
 <LI><a href="#[17]">__main</a> from entry.o(.ARM.Collect$$$$00000000) referenced from startup_pt32y003x.o(RESET)
 <LI><a href="#[19]">_snputc</a> from printfa.o(i._snputc) referenced from printfa.o(i.__0vsnprintf)
 <LI><a href="#[18]">main</a> from lto-llvm-ffebee.o(.text.main) referenced from entry9a.o(.ARM.Collect$$$$0000000B)
</UL>
<P>
<H3>
Global Symbols
</H3>
<P><STRONG><a name="[0]"></a>Reset_Handler</STRONG> (Thumb, 8 bytes, Stack size 0 bytes, startup_pt32y003x.o(RESET))
<BR>[Address Reference Count : 1]<UL><LI> startup_pt32y003x.o(RESET)
</UL>
<P><STRONG><a name="[6]"></a>HSEFAIL_Handler</STRONG> (Thumb, 0 bytes, Stack size 0 bytes, startup_pt32y003x.o(RESET))
<BR><BR>[Calls]<UL><LI><a href="#[6]">&gt;&gt;</a>&nbsp;&nbsp;&nbsp;HSEFAIL_Handler
</UL>
<BR>[Called By]<UL><LI><a href="#[6]">&gt;&gt;</a>&nbsp;&nbsp;&nbsp;HSEFAIL_Handler
</UL>
<BR>[Address Reference Count : 1]<UL><LI> startup_pt32y003x.o(RESET)
</UL>
<P><STRONG><a name="[17]"></a>__main</STRONG> (Thumb, 0 bytes, Stack size unknown bytes, entry.o(.ARM.Collect$$$$00000000))
<BR>[Address Reference Count : 1]<UL><LI> startup_pt32y003x.o(RESET)
</UL>
<P><STRONG><a name="[3a]"></a>_main_stk</STRONG> (Thumb, 0 bytes, Stack size unknown bytes, entry2.o(.ARM.Collect$$$$00000001))

<P><STRONG><a name="[1a]"></a>_main_scatterload</STRONG> (Thumb, 0 bytes, Stack size unknown bytes, entry5.o(.ARM.Collect$$$$00000004))
<BR><BR>[Calls]<UL><LI><a href="#[1b]">&gt;&gt;</a>&nbsp;&nbsp;&nbsp;__scatterload
</UL>

<P><STRONG><a name="[28]"></a>__main_after_scatterload</STRONG> (Thumb, 0 bytes, Stack size unknown bytes, entry5.o(.ARM.Collect$$$$00000004))
<BR><BR>[Called By]<UL><LI><a href="#[1b]">&gt;&gt;</a>&nbsp;&nbsp;&nbsp;__scatterload
</UL>

<P><STRONG><a name="[3b]"></a>_main_clock</STRONG> (Thumb, 0 bytes, Stack size unknown bytes, entry7b.o(.ARM.Collect$$$$00000008))

<P><STRONG><a name="[3c]"></a>_main_cpp_init</STRONG> (Thumb, 0 bytes, Stack size unknown bytes, entry8b.o(.ARM.Collect$$$$0000000A))

<P><STRONG><a name="[3d]"></a>_main_init</STRONG> (Thumb, 0 bytes, Stack size unknown bytes, entry9a.o(.ARM.Collect$$$$0000000B))

<P><STRONG><a name="[3e]"></a>__rt_final_cpp</STRONG> (Thumb, 0 bytes, Stack size unknown bytes, entry10a.o(.ARM.Collect$$$$0000000D))

<P><STRONG><a name="[3f]"></a>__rt_final_exit</STRONG> (Thumb, 0 bytes, Stack size unknown bytes, entry11a.o(.ARM.Collect$$$$0000000F))

<P><STRONG><a name="[1c]"></a>__aeabi_uldivmod</STRONG> (Thumb, 96 bytes, Stack size 48 bytes, uldiv.o(.text), UNUSED)
<BR><BR>[Calls]<UL><LI><a href="#[1d]">&gt;&gt;</a>&nbsp;&nbsp;&nbsp;__aeabi_llsr
<LI><a href="#[1e]">&gt;&gt;</a>&nbsp;&nbsp;&nbsp;__aeabi_llsl
</UL>
<BR>[Called By]<UL><LI><a href="#[34]">&gt;&gt;</a>&nbsp;&nbsp;&nbsp;_printf_core
<LI><a href="#[35]">&gt;&gt;</a>&nbsp;&nbsp;&nbsp;_fp_digits
</UL>

<P><STRONG><a name="[40]"></a>__I$use$fp</STRONG> (Thumb, 0 bytes, Stack size 48 bytes, iusefp.o(.text), UNUSED)

<P><STRONG><a name="[1f]"></a>__aeabi_dadd</STRONG> (Thumb, 328 bytes, Stack size 48 bytes, dadd.o(.text), UNUSED)
<BR><BR>[Calls]<UL><LI><a href="#[20]">&gt;&gt;</a>&nbsp;&nbsp;&nbsp;__aeabi_lasr
<LI><a href="#[1e]">&gt;&gt;</a>&nbsp;&nbsp;&nbsp;__aeabi_llsl
<LI><a href="#[22]">&gt;&gt;</a>&nbsp;&nbsp;&nbsp;_double_round
<LI><a href="#[21]">&gt;&gt;</a>&nbsp;&nbsp;&nbsp;_double_epilogue
</UL>
<BR>[Called By]<UL><LI><a href="#[24]">&gt;&gt;</a>&nbsp;&nbsp;&nbsp;__aeabi_drsub
<LI><a href="#[23]">&gt;&gt;</a>&nbsp;&nbsp;&nbsp;__aeabi_dsub
<LI><a href="#[35]">&gt;&gt;</a>&nbsp;&nbsp;&nbsp;_fp_digits
</UL>

<P><STRONG><a name="[23]"></a>__aeabi_dsub</STRONG> (Thumb, 12 bytes, Stack size 8 bytes, dadd.o(.text), UNUSED)
<BR><BR>[Calls]<UL><LI><a href="#[1f]">&gt;&gt;</a>&nbsp;&nbsp;&nbsp;__aeabi_dadd
</UL>

<P><STRONG><a name="[24]"></a>__aeabi_drsub</STRONG> (Thumb, 12 bytes, Stack size 8 bytes, dadd.o(.text), UNUSED)
<BR><BR>[Calls]<UL><LI><a href="#[1f]">&gt;&gt;</a>&nbsp;&nbsp;&nbsp;__aeabi_dadd
</UL>

<P><STRONG><a name="[25]"></a>__aeabi_dmul</STRONG> (Thumb, 202 bytes, Stack size 72 bytes, dmul.o(.text), UNUSED)
<BR><BR>[Calls]<UL><LI><a href="#[21]">&gt;&gt;</a>&nbsp;&nbsp;&nbsp;_double_epilogue
</UL>
<BR>[Called By]<UL><LI><a href="#[35]">&gt;&gt;</a>&nbsp;&nbsp;&nbsp;_fp_digits
</UL>

<P><STRONG><a name="[26]"></a>__aeabi_ddiv</STRONG> (Thumb, 234 bytes, Stack size 40 bytes, ddiv.o(.text), UNUSED)
<BR><BR>[Calls]<UL><LI><a href="#[22]">&gt;&gt;</a>&nbsp;&nbsp;&nbsp;_double_round
</UL>
<BR>[Called By]<UL><LI><a href="#[35]">&gt;&gt;</a>&nbsp;&nbsp;&nbsp;_fp_digits
</UL>

<P><STRONG><a name="[27]"></a>__aeabi_d2ulz</STRONG> (Thumb, 54 bytes, Stack size 8 bytes, dfixul.o(.text), UNUSED)
<BR><BR>[Calls]<UL><LI><a href="#[1d]">&gt;&gt;</a>&nbsp;&nbsp;&nbsp;__aeabi_llsr
<LI><a href="#[1e]">&gt;&gt;</a>&nbsp;&nbsp;&nbsp;__aeabi_llsl
</UL>
<BR>[Called By]<UL><LI><a href="#[35]">&gt;&gt;</a>&nbsp;&nbsp;&nbsp;_fp_digits
</UL>

<P><STRONG><a name="[36]"></a>__aeabi_cdrcmple</STRONG> (Thumb, 38 bytes, Stack size 0 bytes, cdrcmple.o(.text), UNUSED)
<BR><BR>[Called By]<UL><LI><a href="#[35]">&gt;&gt;</a>&nbsp;&nbsp;&nbsp;_fp_digits
</UL>

<P><STRONG><a name="[1b]"></a>__scatterload</STRONG> (Thumb, 38 bytes, Stack size 0 bytes, init.o(.text))
<BR><BR>[Calls]<UL><LI><a href="#[28]">&gt;&gt;</a>&nbsp;&nbsp;&nbsp;__main_after_scatterload
</UL>
<BR>[Called By]<UL><LI><a href="#[1a]">&gt;&gt;</a>&nbsp;&nbsp;&nbsp;_main_scatterload
</UL>

<P><STRONG><a name="[41]"></a>__scatterload_rt2</STRONG> (Thumb, 0 bytes, Stack size 0 bytes, init.o(.text), UNUSED)

<P><STRONG><a name="[32]"></a>__aeabi_uidiv</STRONG> (Thumb, 0 bytes, Stack size 16 bytes, uidiv_div0.o(.text))
<BR><BR>[Stack]<UL><LI>Max Depth = 16<LI>Call Chain = __aeabi_uidiv
</UL>
<BR>[Called By]<UL><LI><a href="#[18]">&gt;&gt;</a>&nbsp;&nbsp;&nbsp;main
</UL>

<P><STRONG><a name="[39]"></a>__aeabi_uidivmod</STRONG> (Thumb, 62 bytes, Stack size 16 bytes, uidiv_div0.o(.text), UNUSED)
<BR><BR>[Called By]<UL><LI><a href="#[34]">&gt;&gt;</a>&nbsp;&nbsp;&nbsp;_printf_core
</UL>

<P><STRONG><a name="[1e]"></a>__aeabi_llsl</STRONG> (Thumb, 32 bytes, Stack size 8 bytes, llshl.o(.text), UNUSED)
<BR><BR>[Called By]<UL><LI><a href="#[21]">&gt;&gt;</a>&nbsp;&nbsp;&nbsp;_double_epilogue
<LI><a href="#[1c]">&gt;&gt;</a>&nbsp;&nbsp;&nbsp;__aeabi_uldivmod
<LI><a href="#[1f]">&gt;&gt;</a>&nbsp;&nbsp;&nbsp;__aeabi_dadd
<LI><a href="#[27]">&gt;&gt;</a>&nbsp;&nbsp;&nbsp;__aeabi_d2ulz
</UL>

<P><STRONG><a name="[42]"></a>_ll_shift_l</STRONG> (Thumb, 0 bytes, Stack size 8 bytes, llshl.o(.text), UNUSED)

<P><STRONG><a name="[1d]"></a>__aeabi_llsr</STRONG> (Thumb, 34 bytes, Stack size 8 bytes, llushr.o(.text), UNUSED)
<BR><BR>[Called By]<UL><LI><a href="#[21]">&gt;&gt;</a>&nbsp;&nbsp;&nbsp;_double_epilogue
<LI><a href="#[1c]">&gt;&gt;</a>&nbsp;&nbsp;&nbsp;__aeabi_uldivmod
<LI><a href="#[27]">&gt;&gt;</a>&nbsp;&nbsp;&nbsp;__aeabi_d2ulz
</UL>

<P><STRONG><a name="[43]"></a>_ll_ushift_r</STRONG> (Thumb, 0 bytes, Stack size 8 bytes, llushr.o(.text), UNUSED)

<P><STRONG><a name="[20]"></a>__aeabi_lasr</STRONG> (Thumb, 38 bytes, Stack size 8 bytes, llsshr.o(.text), UNUSED)
<BR><BR>[Called By]<UL><LI><a href="#[1f]">&gt;&gt;</a>&nbsp;&nbsp;&nbsp;__aeabi_dadd
</UL>

<P><STRONG><a name="[44]"></a>_ll_sshift_r</STRONG> (Thumb, 0 bytes, Stack size 8 bytes, llsshr.o(.text), UNUSED)

<P><STRONG><a name="[22]"></a>_double_round</STRONG> (Thumb, 26 bytes, Stack size 8 bytes, depilogue.o(.text), UNUSED)
<BR><BR>[Called By]<UL><LI><a href="#[21]">&gt;&gt;</a>&nbsp;&nbsp;&nbsp;_double_epilogue
<LI><a href="#[26]">&gt;&gt;</a>&nbsp;&nbsp;&nbsp;__aeabi_ddiv
<LI><a href="#[1f]">&gt;&gt;</a>&nbsp;&nbsp;&nbsp;__aeabi_dadd
</UL>

<P><STRONG><a name="[21]"></a>_double_epilogue</STRONG> (Thumb, 164 bytes, Stack size 48 bytes, depilogue.o(.text), UNUSED)
<BR><BR>[Calls]<UL><LI><a href="#[29]">&gt;&gt;</a>&nbsp;&nbsp;&nbsp;__ARM_clz
<LI><a href="#[1d]">&gt;&gt;</a>&nbsp;&nbsp;&nbsp;__aeabi_llsr
<LI><a href="#[1e]">&gt;&gt;</a>&nbsp;&nbsp;&nbsp;__aeabi_llsl
<LI><a href="#[22]">&gt;&gt;</a>&nbsp;&nbsp;&nbsp;_double_round
</UL>
<BR>[Called By]<UL><LI><a href="#[25]">&gt;&gt;</a>&nbsp;&nbsp;&nbsp;__aeabi_dmul
<LI><a href="#[1f]">&gt;&gt;</a>&nbsp;&nbsp;&nbsp;__aeabi_dadd
</UL>

<P><STRONG><a name="[2b]"></a>__aeabi_memset</STRONG> (Thumb, 14 bytes, Stack size 0 bytes, memseta.o(.text), UNUSED)
<BR><BR>[Called By]<UL><LI><a href="#[2c]">&gt;&gt;</a>&nbsp;&nbsp;&nbsp;_memset$wrapper
<LI><a href="#[2a]">&gt;&gt;</a>&nbsp;&nbsp;&nbsp;__aeabi_memclr
</UL>

<P><STRONG><a name="[45]"></a>__aeabi_memset4</STRONG> (Thumb, 0 bytes, Stack size 0 bytes, memseta.o(.text), UNUSED)

<P><STRONG><a name="[46]"></a>__aeabi_memset8</STRONG> (Thumb, 0 bytes, Stack size 0 bytes, memseta.o(.text), UNUSED)

<P><STRONG><a name="[2a]"></a>__aeabi_memclr</STRONG> (Thumb, 4 bytes, Stack size 0 bytes, memseta.o(.text), UNUSED)
<BR><BR>[Calls]<UL><LI><a href="#[2b]">&gt;&gt;</a>&nbsp;&nbsp;&nbsp;__aeabi_memset
</UL>

<P><STRONG><a name="[2f]"></a>__aeabi_memclr4</STRONG> (Thumb, 0 bytes, Stack size 0 bytes, memseta.o(.text))
<BR><BR>[Called By]<UL><LI><a href="#[14]">&gt;&gt;</a>&nbsp;&nbsp;&nbsp;UART0_Handler
</UL>

<P><STRONG><a name="[47]"></a>__aeabi_memclr8</STRONG> (Thumb, 0 bytes, Stack size 0 bytes, memseta.o(.text), UNUSED)

<P><STRONG><a name="[2c]"></a>_memset$wrapper</STRONG> (Thumb, 18 bytes, Stack size 8 bytes, memseta.o(.text), UNUSED)
<BR><BR>[Calls]<UL><LI><a href="#[2b]">&gt;&gt;</a>&nbsp;&nbsp;&nbsp;__aeabi_memset
</UL>

<P><STRONG><a name="[c]"></a>ADC_Handler</STRONG> (Thumb, 72 bytes, Stack size 8 bytes, lto-llvm-ffebee.o(.text.ADC_Handler))
<BR><BR>[Stack]<UL><LI>Max Depth = 8<LI>Call Chain = ADC_Handler
</UL>
<BR>[Address Reference Count : 1]<UL><LI> startup_pt32y003x.o(RESET)
</UL>
<P><STRONG><a name="[8]"></a>EXTIA_Handler</STRONG> (Thumb, 2 bytes, Stack size 0 bytes, lto-llvm-ffebee.o(.text.EXTIA_Handler))
<BR>[Address Reference Count : 1]<UL><LI> startup_pt32y003x.o(RESET)
</UL>
<P><STRONG><a name="[9]"></a>EXTIB_Handler</STRONG> (Thumb, 2 bytes, Stack size 0 bytes, lto-llvm-ffebee.o(.text.EXTIB_Handler))
<BR>[Address Reference Count : 1]<UL><LI> startup_pt32y003x.o(RESET)
</UL>
<P><STRONG><a name="[a]"></a>EXTIC_Handler</STRONG> (Thumb, 2 bytes, Stack size 0 bytes, lto-llvm-ffebee.o(.text.EXTIC_Handler))
<BR>[Address Reference Count : 1]<UL><LI> startup_pt32y003x.o(RESET)
</UL>
<P><STRONG><a name="[b]"></a>EXTID_Handler</STRONG> (Thumb, 2 bytes, Stack size 0 bytes, lto-llvm-ffebee.o(.text.EXTID_Handler))
<BR>[Address Reference Count : 1]<UL><LI> startup_pt32y003x.o(RESET)
</UL>
<P><STRONG><a name="[2]"></a>HardFault_Handler</STRONG> (Thumb, 2 bytes, Stack size 0 bytes, lto-llvm-ffebee.o(.text.HardFault_Handler))
<BR><BR>[Calls]<UL><LI><a href="#[2]">&gt;&gt;</a>&nbsp;&nbsp;&nbsp;HardFault_Handler
</UL>
<BR>[Called By]<UL><LI><a href="#[2]">&gt;&gt;</a>&nbsp;&nbsp;&nbsp;HardFault_Handler
</UL>
<BR>[Address Reference Count : 1]<UL><LI> startup_pt32y003x.o(RESET)
</UL>
<P><STRONG><a name="[12]"></a>I2C0_Handler</STRONG> (Thumb, 2 bytes, Stack size 0 bytes, lto-llvm-ffebee.o(.text.I2C0_Handler))
<BR>[Address Reference Count : 1]<UL><LI> startup_pt32y003x.o(RESET)
</UL>
<P><STRONG><a name="[7]"></a>IMMC_Handler</STRONG> (Thumb, 2 bytes, Stack size 0 bytes, lto-llvm-ffebee.o(.text.IMMC_Handler))
<BR>[Address Reference Count : 1]<UL><LI> startup_pt32y003x.o(RESET)
</UL>
<P><STRONG><a name="[1]"></a>NMI_Handler</STRONG> (Thumb, 2 bytes, Stack size 0 bytes, lto-llvm-ffebee.o(.text.NMI_Handler))
<BR>[Address Reference Count : 1]<UL><LI> startup_pt32y003x.o(RESET)
</UL>
<P><STRONG><a name="[11]"></a>PVD_Handler</STRONG> (Thumb, 2 bytes, Stack size 0 bytes, lto-llvm-ffebee.o(.text.PVD_Handler))
<BR>[Address Reference Count : 1]<UL><LI> startup_pt32y003x.o(RESET)
</UL>
<P><STRONG><a name="[4]"></a>PendSV_Handler</STRONG> (Thumb, 2 bytes, Stack size 0 bytes, lto-llvm-ffebee.o(.text.PendSV_Handler))
<BR>[Address Reference Count : 1]<UL><LI> startup_pt32y003x.o(RESET)
</UL>
<P><STRONG><a name="[13]"></a>SPI0_Handler</STRONG> (Thumb, 2 bytes, Stack size 0 bytes, lto-llvm-ffebee.o(.text.SPI0_Handler))
<BR>[Address Reference Count : 1]<UL><LI> startup_pt32y003x.o(RESET)
</UL>
<P><STRONG><a name="[3]"></a>SVC_Handler</STRONG> (Thumb, 2 bytes, Stack size 0 bytes, lto-llvm-ffebee.o(.text.SVC_Handler))
<BR>[Address Reference Count : 1]<UL><LI> startup_pt32y003x.o(RESET)
</UL>
<P><STRONG><a name="[5]"></a>SysTick_Handler</STRONG> (Thumb, 2 bytes, Stack size 0 bytes, lto-llvm-ffebee.o(.text.SysTick_Handler))
<BR>[Address Reference Count : 1]<UL><LI> startup_pt32y003x.o(RESET)
</UL>
<P><STRONG><a name="[16]"></a>SystemInit</STRONG> (Thumb, 156 bytes, Stack size 16 bytes, lto-llvm-ffebee.o(.text.SystemInit))
<BR><BR>[Stack]<UL><LI>Max Depth = 16<LI>Call Chain = SystemInit
</UL>
<BR>[Address Reference Count : 1]<UL><LI> startup_pt32y003x.o(RESET)
</UL>
<P><STRONG><a name="[d]"></a>TIM1_Handler</STRONG> (Thumb, 68 bytes, Stack size 16 bytes, lto-llvm-ffebee.o(.text.TIM1_Handler))
<BR><BR>[Stack]<UL><LI>Max Depth = 16<LI>Call Chain = TIM1_Handler
</UL>
<BR>[Address Reference Count : 1]<UL><LI> startup_pt32y003x.o(RESET)
</UL>
<P><STRONG><a name="[10]"></a>TIM2_Handler</STRONG> (Thumb, 28 bytes, Stack size 0 bytes, lto-llvm-ffebee.o(.text.TIM2_Handler))
<BR>[Address Reference Count : 1]<UL><LI> startup_pt32y003x.o(RESET)
</UL>
<P><STRONG><a name="[f]"></a>TIM3_Handler</STRONG> (Thumb, 2 bytes, Stack size 0 bytes, lto-llvm-ffebee.o(.text.TIM3_Handler))
<BR>[Address Reference Count : 1]<UL><LI> startup_pt32y003x.o(RESET)
</UL>
<P><STRONG><a name="[e]"></a>TIM4_Handler</STRONG> (Thumb, 2 bytes, Stack size 0 bytes, lto-llvm-ffebee.o(.text.TIM4_Handler))
<BR>[Address Reference Count : 1]<UL><LI> startup_pt32y003x.o(RESET)
</UL>
<P><STRONG><a name="[14]"></a>UART0_Handler</STRONG> (Thumb, 84 bytes, Stack size 16 bytes, lto-llvm-ffebee.o(.text.UART0_Handler))
<BR><BR>[Stack]<UL><LI>Max Depth = 16<LI>Call Chain = UART0_Handler
</UL>
<BR>[Calls]<UL><LI><a href="#[2f]">&gt;&gt;</a>&nbsp;&nbsp;&nbsp;__aeabi_memclr4
</UL>
<BR>[Address Reference Count : 1]<UL><LI> startup_pt32y003x.o(RESET)
</UL>
<P><STRONG><a name="[15]"></a>UART1_Handler</STRONG> (Thumb, 2 bytes, Stack size 0 bytes, lto-llvm-ffebee.o(.text.UART1_Handler))
<BR>[Address Reference Count : 1]<UL><LI> startup_pt32y003x.o(RESET)
</UL>
<P><STRONG><a name="[18]"></a>main</STRONG> (Thumb, 1060 bytes, Stack size 80 bytes, lto-llvm-ffebee.o(.text.main))
<BR><BR>[Stack]<UL><LI>Max Depth = 184<LI>Call Chain = main &rArr; PWM_OCInit &rArr; assert_failed &rArr; Uart_SendStr &rArr; vsnprintf
</UL>
<BR>[Calls]<UL><LI><a href="#[2d]">&gt;&gt;</a>&nbsp;&nbsp;&nbsp;PWM_OCInit
<LI><a href="#[30]">&gt;&gt;</a>&nbsp;&nbsp;&nbsp;Uart_SendStr
<LI><a href="#[32]">&gt;&gt;</a>&nbsp;&nbsp;&nbsp;__aeabi_uidiv
</UL>
<BR>[Address Reference Count : 1]<UL><LI> entry9a.o(.ARM.Collect$$$$0000000B)
</UL>
<P><STRONG><a name="[33]"></a>__0vsnprintf</STRONG> (Thumb, 44 bytes, Stack size 24 bytes, printfa.o(i.__0vsnprintf), UNUSED)
<BR><BR>[Calls]<UL><LI><a href="#[34]">&gt;&gt;</a>&nbsp;&nbsp;&nbsp;_printf_core
</UL>

<P><STRONG><a name="[48]"></a>__1vsnprintf</STRONG> (Thumb, 0 bytes, Stack size 24 bytes, printfa.o(i.__0vsnprintf), UNUSED)

<P><STRONG><a name="[49]"></a>__2vsnprintf</STRONG> (Thumb, 0 bytes, Stack size 24 bytes, printfa.o(i.__0vsnprintf), UNUSED)

<P><STRONG><a name="[4a]"></a>__c89vsnprintf</STRONG> (Thumb, 0 bytes, Stack size 24 bytes, printfa.o(i.__0vsnprintf), UNUSED)

<P><STRONG><a name="[31]"></a>vsnprintf</STRONG> (Thumb, 0 bytes, Stack size 24 bytes, printfa.o(i.__0vsnprintf))
<BR><BR>[Stack]<UL><LI>Max Depth = 24<LI>Call Chain = vsnprintf
</UL>
<BR>[Called By]<UL><LI><a href="#[30]">&gt;&gt;</a>&nbsp;&nbsp;&nbsp;Uart_SendStr
</UL>

<P><STRONG><a name="[29]"></a>__ARM_clz</STRONG> (Thumb, 46 bytes, Stack size 0 bytes, depilogue.o(i.__ARM_clz), UNUSED)
<BR><BR>[Called By]<UL><LI><a href="#[21]">&gt;&gt;</a>&nbsp;&nbsp;&nbsp;_double_epilogue
</UL>

<P><STRONG><a name="[4b]"></a>__scatterload_copy</STRONG> (Thumb, 14 bytes, Stack size unknown bytes, handlers.o(i.__scatterload_copy), UNUSED)

<P><STRONG><a name="[4c]"></a>__scatterload_null</STRONG> (Thumb, 2 bytes, Stack size unknown bytes, handlers.o(i.__scatterload_null), UNUSED)

<P><STRONG><a name="[4d]"></a>__scatterload_zeroinit</STRONG> (Thumb, 14 bytes, Stack size unknown bytes, handlers.o(i.__scatterload_zeroinit), UNUSED)
<P>
<H3>
Local Symbols
</H3>
<P><STRONG><a name="[35]"></a>_fp_digits</STRONG> (Thumb, 344 bytes, Stack size 64 bytes, printfa.o(i._fp_digits), UNUSED)
<BR><BR>[Calls]<UL><LI><a href="#[1c]">&gt;&gt;</a>&nbsp;&nbsp;&nbsp;__aeabi_uldivmod
<LI><a href="#[25]">&gt;&gt;</a>&nbsp;&nbsp;&nbsp;__aeabi_dmul
<LI><a href="#[26]">&gt;&gt;</a>&nbsp;&nbsp;&nbsp;__aeabi_ddiv
<LI><a href="#[1f]">&gt;&gt;</a>&nbsp;&nbsp;&nbsp;__aeabi_dadd
<LI><a href="#[27]">&gt;&gt;</a>&nbsp;&nbsp;&nbsp;__aeabi_d2ulz
<LI><a href="#[36]">&gt;&gt;</a>&nbsp;&nbsp;&nbsp;__aeabi_cdrcmple
</UL>
<BR>[Called By]<UL><LI><a href="#[34]">&gt;&gt;</a>&nbsp;&nbsp;&nbsp;_printf_core
</UL>

<P><STRONG><a name="[34]"></a>_printf_core</STRONG> (Thumb, 1754 bytes, Stack size 128 bytes, printfa.o(i._printf_core), UNUSED)
<BR><BR>[Calls]<UL><LI><a href="#[39]">&gt;&gt;</a>&nbsp;&nbsp;&nbsp;__aeabi_uidivmod
<LI><a href="#[1c]">&gt;&gt;</a>&nbsp;&nbsp;&nbsp;__aeabi_uldivmod
<LI><a href="#[37]">&gt;&gt;</a>&nbsp;&nbsp;&nbsp;_printf_pre_padding
<LI><a href="#[38]">&gt;&gt;</a>&nbsp;&nbsp;&nbsp;_printf_post_padding
<LI><a href="#[35]">&gt;&gt;</a>&nbsp;&nbsp;&nbsp;_fp_digits
</UL>
<BR>[Called By]<UL><LI><a href="#[33]">&gt;&gt;</a>&nbsp;&nbsp;&nbsp;__0vsnprintf
</UL>

<P><STRONG><a name="[38]"></a>_printf_post_padding</STRONG> (Thumb, 32 bytes, Stack size 24 bytes, printfa.o(i._printf_post_padding), UNUSED)
<BR><BR>[Called By]<UL><LI><a href="#[34]">&gt;&gt;</a>&nbsp;&nbsp;&nbsp;_printf_core
</UL>

<P><STRONG><a name="[37]"></a>_printf_pre_padding</STRONG> (Thumb, 44 bytes, Stack size 40 bytes, printfa.o(i._printf_pre_padding), UNUSED)
<BR><BR>[Called By]<UL><LI><a href="#[34]">&gt;&gt;</a>&nbsp;&nbsp;&nbsp;_printf_core
</UL>

<P><STRONG><a name="[19]"></a>_snputc</STRONG> (Thumb, 22 bytes, Stack size 0 bytes, printfa.o(i._snputc))
<BR>[Address Reference Count : 1]<UL><LI> printfa.o(i.__0vsnprintf)
</UL>
<P><STRONG><a name="[30]"></a>Uart_SendStr</STRONG> (Thumb, 88 bytes, Stack size 32 bytes, lto-llvm-ffebee.o(.text.Uart_SendStr))
<BR><BR>[Stack]<UL><LI>Max Depth = 56<LI>Call Chain = Uart_SendStr &rArr; vsnprintf
</UL>
<BR>[Calls]<UL><LI><a href="#[31]">&gt;&gt;</a>&nbsp;&nbsp;&nbsp;vsnprintf
</UL>
<BR>[Called By]<UL><LI><a href="#[18]">&gt;&gt;</a>&nbsp;&nbsp;&nbsp;main
<LI><a href="#[2e]">&gt;&gt;</a>&nbsp;&nbsp;&nbsp;assert_failed
</UL>

<P><STRONG><a name="[2d]"></a>PWM_OCInit</STRONG> (Thumb, 232 bytes, Stack size 48 bytes, lto-llvm-ffebee.o(.text.PWM_OCInit))
<BR><BR>[Stack]<UL><LI>Max Depth = 104<LI>Call Chain = PWM_OCInit &rArr; assert_failed &rArr; Uart_SendStr &rArr; vsnprintf
</UL>
<BR>[Calls]<UL><LI><a href="#[2e]">&gt;&gt;</a>&nbsp;&nbsp;&nbsp;assert_failed
</UL>
<BR>[Called By]<UL><LI><a href="#[18]">&gt;&gt;</a>&nbsp;&nbsp;&nbsp;main
</UL>

<P><STRONG><a name="[2e]"></a>assert_failed</STRONG> (Thumb, 12 bytes, Stack size 0 bytes, lto-llvm-ffebee.o(.text.assert_failed))
<BR><BR>[Stack]<UL><LI>Max Depth = 56<LI>Call Chain = assert_failed &rArr; Uart_SendStr &rArr; vsnprintf
</UL>
<BR>[Calls]<UL><LI><a href="#[30]">&gt;&gt;</a>&nbsp;&nbsp;&nbsp;Uart_SendStr
</UL>
<BR>[Called By]<UL><LI><a href="#[2d]">&gt;&gt;</a>&nbsp;&nbsp;&nbsp;PWM_OCInit
</UL>
<P>
<H3>
Undefined Global Symbols
</H3><HR></body></html>
