Component: Arm Compiler for Embedded 6.22 Tool: armlink [5ee90200]

==============================================================================

Section Cross References

    startup_pt32y003x.o(RESET) refers to startup_pt32y003x.o(STACK) for __initial_sp
    startup_pt32y003x.o(RESET) refers to lto-llvm-b8fcf9.o(.text.NMI_Handler) for NMI_Handler
    startup_pt32y003x.o(RESET) refers to lto-llvm-b8fcf9.o(.text.HardFault_Handler) for HardFault_Handler
    startup_pt32y003x.o(RESET) refers to lto-llvm-b8fcf9.o(.text.SVC_Handler) for SVC_Handler
    startup_pt32y003x.o(RESET) refers to lto-llvm-b8fcf9.o(.text.PendSV_Handler) for PendSV_Handler
    startup_pt32y003x.o(RESET) refers to lto-llvm-b8fcf9.o(.text.SysTick_Handler) for SysTick_Handler
    startup_pt32y003x.o(RESET) refers to lto-llvm-b8fcf9.o(.text.IMMC_Handler) for IMMC_Handler
    startup_pt32y003x.o(RESET) refers to lto-llvm-b8fcf9.o(.text.EXTIA_Handler) for EXTIA_Handler
    startup_pt32y003x.o(RESET) refers to lto-llvm-b8fcf9.o(.text.EXTIB_Handler) for EXTIB_Handler
    startup_pt32y003x.o(RESET) refers to lto-llvm-b8fcf9.o(.text.EXTIC_Handler) for EXTIC_Handler
    startup_pt32y003x.o(RESET) refers to lto-llvm-b8fcf9.o(.text.EXTID_Handler) for EXTID_Handler
    startup_pt32y003x.o(RESET) refers to lto-llvm-b8fcf9.o(.text.ADC_Handler) for ADC_Handler
    startup_pt32y003x.o(RESET) refers to lto-llvm-b8fcf9.o(.text.TIM1_Handler) for TIM1_Handler
    startup_pt32y003x.o(RESET) refers to lto-llvm-b8fcf9.o(.text.TIM4_Handler) for TIM4_Handler
    startup_pt32y003x.o(RESET) refers to lto-llvm-b8fcf9.o(.text.TIM3_Handler) for TIM3_Handler
    startup_pt32y003x.o(RESET) refers to lto-llvm-b8fcf9.o(.text.TIM2_Handler) for TIM2_Handler
    startup_pt32y003x.o(RESET) refers to lto-llvm-b8fcf9.o(.text.PVD_Handler) for PVD_Handler
    startup_pt32y003x.o(RESET) refers to lto-llvm-b8fcf9.o(.text.I2C0_Handler) for I2C0_Handler
    startup_pt32y003x.o(RESET) refers to lto-llvm-b8fcf9.o(.text.SPI0_Handler) for SPI0_Handler
    startup_pt32y003x.o(RESET) refers to lto-llvm-b8fcf9.o(.text.UART0_Handler) for UART0_Handler
    startup_pt32y003x.o(RESET) refers to lto-llvm-b8fcf9.o(.text.UART1_Handler) for UART1_Handler
    startup_pt32y003x.o(RESET) refers to lto-llvm-b8fcf9.o(.text.SystemInit) for SystemInit
    startup_pt32y003x.o(RESET) refers to entry.o(.ARM.Collect$$$$00000000) for __main
    entry.o(.ARM.Collect$$$$00000000) refers (Special) to entry10a.o(.ARM.Collect$$$$0000000D) for __rt_final_cpp
    entry.o(.ARM.Collect$$$$00000000) refers (Special) to entry11a.o(.ARM.Collect$$$$0000000F) for __rt_final_exit
    entry.o(.ARM.Collect$$$$00000000) refers (Special) to entry7b.o(.ARM.Collect$$$$00000008) for _main_clock
    entry.o(.ARM.Collect$$$$00000000) refers (Special) to entry8b.o(.ARM.Collect$$$$0000000A) for _main_cpp_init
    entry.o(.ARM.Collect$$$$00000000) refers (Special) to entry9a.o(.ARM.Collect$$$$0000000B) for _main_init
    entry.o(.ARM.Collect$$$$00000000) refers (Special) to entry5.o(.ARM.Collect$$$$00000004) for _main_scatterload
    entry.o(.ARM.Collect$$$$00000000) refers (Special) to entry2.o(.ARM.Collect$$$$00000001) for _main_stk
    printfa.o(i.__0fprintf) refers (Special) to iusefp.o(.text) for __I$use$fp
    printfa.o(i.__0fprintf) refers to printfa.o(i._printf_core) for _printf_core
    printfa.o(i.__0fprintf) refers to lto-llvm-b8fcf9.o(.text.fputc) for fputc
    printfa.o(i.__0printf) refers (Special) to iusefp.o(.text) for __I$use$fp
    printfa.o(i.__0printf) refers to printfa.o(i._printf_core) for _printf_core
    printfa.o(i.__0printf) refers to lto-llvm-b8fcf9.o(.text.fputc) for fputc
    printfa.o(i.__0printf) refers to stdout.o(.data) for __stdout
    printfa.o(i.__0snprintf) refers (Special) to iusefp.o(.text) for __I$use$fp
    printfa.o(i.__0snprintf) refers to printfa.o(i._printf_core) for _printf_core
    printfa.o(i.__0snprintf) refers to printfa.o(i._snputc) for _snputc
    printfa.o(i.__0sprintf) refers (Special) to iusefp.o(.text) for __I$use$fp
    printfa.o(i.__0sprintf) refers to printfa.o(i._printf_core) for _printf_core
    printfa.o(i.__0sprintf) refers to printfa.o(i._sputc) for _sputc
    printfa.o(i.__0vfprintf) refers (Special) to iusefp.o(.text) for __I$use$fp
    printfa.o(i.__0vfprintf) refers to printfa.o(i._printf_core) for _printf_core
    printfa.o(i.__0vfprintf) refers to lto-llvm-b8fcf9.o(.text.fputc) for fputc
    printfa.o(i.__0vprintf) refers (Special) to iusefp.o(.text) for __I$use$fp
    printfa.o(i.__0vprintf) refers to printfa.o(i._printf_core) for _printf_core
    printfa.o(i.__0vprintf) refers to lto-llvm-b8fcf9.o(.text.fputc) for fputc
    printfa.o(i.__0vprintf) refers to stdout.o(.data) for __stdout
    printfa.o(i.__0vsnprintf) refers (Special) to iusefp.o(.text) for __I$use$fp
    printfa.o(i.__0vsnprintf) refers to printfa.o(i._printf_core) for _printf_core
    printfa.o(i.__0vsnprintf) refers to printfa.o(i._snputc) for _snputc
    printfa.o(i.__0vsprintf) refers (Special) to iusefp.o(.text) for __I$use$fp
    printfa.o(i.__0vsprintf) refers to printfa.o(i._printf_core) for _printf_core
    printfa.o(i.__0vsprintf) refers to printfa.o(i._sputc) for _sputc
    printfa.o(i._fp_digits) refers (Special) to iusefp.o(.text) for __I$use$fp
    printfa.o(i._fp_digits) refers to dmul.o(.text) for __aeabi_dmul
    printfa.o(i._fp_digits) refers to ddiv.o(.text) for __aeabi_ddiv
    printfa.o(i._fp_digits) refers to cdrcmple.o(.text) for __aeabi_cdrcmple
    printfa.o(i._fp_digits) refers to dadd.o(.text) for __aeabi_dadd
    printfa.o(i._fp_digits) refers to dfixul.o(.text) for __aeabi_d2ulz
    printfa.o(i._fp_digits) refers to uldiv.o(.text) for __aeabi_uldivmod
    printfa.o(i._printf_core) refers (Special) to iusefp.o(.text) for __I$use$fp
    printfa.o(i._printf_core) refers to printfa.o(i._printf_pre_padding) for _printf_pre_padding
    printfa.o(i._printf_core) refers to uldiv.o(.text) for __aeabi_uldivmod
    printfa.o(i._printf_core) refers to printfa.o(i._printf_post_padding) for _printf_post_padding
    printfa.o(i._printf_core) refers to printfa.o(i._fp_digits) for _fp_digits
    printfa.o(i._printf_core) refers to uidiv_div0.o(.text) for __aeabi_uidivmod
    printfa.o(i._printf_post_padding) refers (Special) to iusefp.o(.text) for __I$use$fp
    printfa.o(i._printf_pre_padding) refers (Special) to iusefp.o(.text) for __I$use$fp
    printfa.o(i._snputc) refers (Special) to iusefp.o(.text) for __I$use$fp
    printfa.o(i._sputc) refers (Special) to iusefp.o(.text) for __I$use$fp
    entry2.o(.ARM.Collect$$$$00000001) refers to entry2.o(.ARM.Collect$$$$00002712) for __lit__00000000
    entry2.o(.ARM.Collect$$$$00002712) refers to startup_pt32y003x.o(STACK) for __initial_sp
    entry2.o(__vectab_stack_and_reset_area) refers to startup_pt32y003x.o(STACK) for __initial_sp
    entry2.o(__vectab_stack_and_reset_area) refers to entry.o(.ARM.Collect$$$$00000000) for __main
    entry5.o(.ARM.Collect$$$$00000004) refers to init.o(.text) for __scatterload
    entry9a.o(.ARM.Collect$$$$0000000B) refers to lto-llvm-b8fcf9.o(.text.main) for main
    entry9b.o(.ARM.Collect$$$$0000000C) refers to lto-llvm-b8fcf9.o(.text.main) for main
    uldiv.o(.text) refers to llushr.o(.text) for __aeabi_llsr
    uldiv.o(.text) refers to llshl.o(.text) for __aeabi_llsl
    dadd.o(.text) refers (Special) to iusefp.o(.text) for __I$use$fp
    dadd.o(.text) refers to llshl.o(.text) for __aeabi_llsl
    dadd.o(.text) refers to llsshr.o(.text) for __aeabi_lasr
    dadd.o(.text) refers to depilogue.o(.text) for _double_epilogue
    dmul.o(.text) refers (Special) to iusefp.o(.text) for __I$use$fp
    dmul.o(.text) refers to depilogue.o(.text) for _double_epilogue
    ddiv.o(.text) refers (Special) to iusefp.o(.text) for __I$use$fp
    ddiv.o(.text) refers to depilogue.o(.text) for _double_round
    dfixul.o(.text) refers (Special) to iusefp.o(.text) for __I$use$fp
    dfixul.o(.text) refers to llushr.o(.text) for __aeabi_llsr
    dfixul.o(.text) refers to llshl.o(.text) for __aeabi_llsl
    cdrcmple.o(.text) refers (Special) to iusefp.o(.text) for __I$use$fp
    init.o(.text) refers to entry5.o(.ARM.Collect$$$$00000004) for __main_after_scatterload
    idiv_div0.o(.text) refers to uidiv_div0.o(.text) for __aeabi_uidivmod
    depilogue.o(.text) refers (Special) to iusefp.o(.text) for __I$use$fp
    depilogue.o(.text) refers to depilogue.o(i.__ARM_clz) for __ARM_clz
    depilogue.o(.text) refers to llshl.o(.text) for __aeabi_llsl
    depilogue.o(.text) refers to llushr.o(.text) for __aeabi_llsr
    lto-llvm-b8fcf9.o(.text.ADC_Handler) refers to lto-llvm-b8fcf9.o(.text.ADC_GetScanData) for ADC_GetScanData
    lto-llvm-b8fcf9.o(.text.ADC_Handler) refers to lto-llvm-b8fcf9.o(.bss..L_MergedGlobals) for [Anonymous Symbol]
    lto-llvm-b8fcf9.o(.ARM.exidx.text.ADC_Handler) refers to lto-llvm-b8fcf9.o(.text.ADC_Handler) for [Anonymous Symbol]
    lto-llvm-b8fcf9.o(.text.UART0_Handler) refers to memseta.o(.text) for __aeabi_memclr4
    lto-llvm-b8fcf9.o(.text.UART0_Handler) refers to lto-llvm-b8fcf9.o(.bss..L_MergedGlobals) for [Anonymous Symbol]
    lto-llvm-b8fcf9.o(.ARM.exidx.text.UART0_Handler) refers to lto-llvm-b8fcf9.o(.text.UART0_Handler) for [Anonymous Symbol]
    lto-llvm-b8fcf9.o(.text.Uart_SendStr) refers to printfa.o(i.__0vsnprintf) for vsnprintf
    lto-llvm-b8fcf9.o(.text.Uart_SendStr) refers to lto-llvm-b8fcf9.o(.bss.Uart_SendStr.buf) for [Anonymous Symbol]
    lto-llvm-b8fcf9.o(.text.Uart_SendStr) refers to lto-llvm-b8fcf9.o(.bss..L_MergedGlobals) for [Anonymous Symbol]
    lto-llvm-b8fcf9.o(.ARM.exidx.text.Uart_SendStr) refers to lto-llvm-b8fcf9.o(.text.Uart_SendStr) for [Anonymous Symbol]
    lto-llvm-b8fcf9.o(.text.main) refers to lto-llvm-b8fcf9.o(.text.GPIO_Init) for GPIO_Init
    lto-llvm-b8fcf9.o(.text.main) refers to lto-llvm-b8fcf9.o(.text.NVIC_Init) for NVIC_Init
    lto-llvm-b8fcf9.o(.text.main) refers to uidiv_div0.o(.text) for __aeabi_uidiv
    lto-llvm-b8fcf9.o(.text.main) refers to lto-llvm-b8fcf9.o(.text.GPIO_DigitalRemapConfig) for GPIO_DigitalRemapConfig
    lto-llvm-b8fcf9.o(.ARM.exidx.text.main) refers to lto-llvm-b8fcf9.o(.text.main) for [Anonymous Symbol]
    lto-llvm-b8fcf9.o(.text.assert_failed) refers to lto-llvm-b8fcf9.o(.text.Uart_SendStr) for Uart_SendStr
    lto-llvm-b8fcf9.o(.ARM.exidx.text.assert_failed) refers to lto-llvm-b8fcf9.o(.text.assert_failed) for [Anonymous Symbol]
    lto-llvm-b8fcf9.o(.ARM.exidx.text.NMI_Handler) refers to lto-llvm-b8fcf9.o(.text.NMI_Handler) for [Anonymous Symbol]
    lto-llvm-b8fcf9.o(.ARM.exidx.text.HardFault_Handler) refers to lto-llvm-b8fcf9.o(.text.HardFault_Handler) for [Anonymous Symbol]
    lto-llvm-b8fcf9.o(.ARM.exidx.text.SVC_Handler) refers to lto-llvm-b8fcf9.o(.text.SVC_Handler) for [Anonymous Symbol]
    lto-llvm-b8fcf9.o(.ARM.exidx.text.PendSV_Handler) refers to lto-llvm-b8fcf9.o(.text.PendSV_Handler) for [Anonymous Symbol]
    lto-llvm-b8fcf9.o(.ARM.exidx.text.SysTick_Handler) refers to lto-llvm-b8fcf9.o(.text.SysTick_Handler) for [Anonymous Symbol]
    lto-llvm-b8fcf9.o(.ARM.exidx.text.IMMC_Handler) refers to lto-llvm-b8fcf9.o(.text.IMMC_Handler) for [Anonymous Symbol]
    lto-llvm-b8fcf9.o(.ARM.exidx.text.EXTIA_Handler) refers to lto-llvm-b8fcf9.o(.text.EXTIA_Handler) for [Anonymous Symbol]
    lto-llvm-b8fcf9.o(.ARM.exidx.text.EXTIB_Handler) refers to lto-llvm-b8fcf9.o(.text.EXTIB_Handler) for [Anonymous Symbol]
    lto-llvm-b8fcf9.o(.ARM.exidx.text.EXTIC_Handler) refers to lto-llvm-b8fcf9.o(.text.EXTIC_Handler) for [Anonymous Symbol]
    lto-llvm-b8fcf9.o(.ARM.exidx.text.EXTID_Handler) refers to lto-llvm-b8fcf9.o(.text.EXTID_Handler) for [Anonymous Symbol]
    lto-llvm-b8fcf9.o(.ARM.exidx.text.TIM1_Handler) refers to lto-llvm-b8fcf9.o(.text.TIM1_Handler) for [Anonymous Symbol]
    lto-llvm-b8fcf9.o(.ARM.exidx.text.TIM3_Handler) refers to lto-llvm-b8fcf9.o(.text.TIM3_Handler) for [Anonymous Symbol]
    lto-llvm-b8fcf9.o(.ARM.exidx.text.TIM4_Handler) refers to lto-llvm-b8fcf9.o(.text.TIM4_Handler) for [Anonymous Symbol]
    lto-llvm-b8fcf9.o(.ARM.exidx.text.PVD_Handler) refers to lto-llvm-b8fcf9.o(.text.PVD_Handler) for [Anonymous Symbol]
    lto-llvm-b8fcf9.o(.ARM.exidx.text.I2C0_Handler) refers to lto-llvm-b8fcf9.o(.text.I2C0_Handler) for [Anonymous Symbol]
    lto-llvm-b8fcf9.o(.ARM.exidx.text.SPI0_Handler) refers to lto-llvm-b8fcf9.o(.text.SPI0_Handler) for [Anonymous Symbol]
    lto-llvm-b8fcf9.o(.ARM.exidx.text.UART1_Handler) refers to lto-llvm-b8fcf9.o(.text.UART1_Handler) for [Anonymous Symbol]
    lto-llvm-b8fcf9.o(.ARM.exidx.text.SystemInit) refers to lto-llvm-b8fcf9.o(.text.SystemInit) for [Anonymous Symbol]
    lto-llvm-b8fcf9.o(.text.TIM2_Handler) refers to lto-llvm-b8fcf9.o(.bss..L_MergedGlobals) for [Anonymous Symbol]
    lto-llvm-b8fcf9.o(.ARM.exidx.text.TIM2_Handler) refers to lto-llvm-b8fcf9.o(.text.TIM2_Handler) for [Anonymous Symbol]
    lto-llvm-b8fcf9.o(.ARM.exidx.text.fputc) refers to lto-llvm-b8fcf9.o(.text.fputc) for [Anonymous Symbol]
    lto-llvm-b8fcf9.o(.ARM.exidx.text.fgetc) refers to lto-llvm-b8fcf9.o(.text.fgetc) for [Anonymous Symbol]
    lto-llvm-b8fcf9.o(.ARM.exidx.text.ADC_GetScanData) refers to lto-llvm-b8fcf9.o(.text.ADC_GetScanData) for [Anonymous Symbol]
    lto-llvm-b8fcf9.o(.text.GPIO_Init) refers to lto-llvm-b8fcf9.o(.text.assert_failed) for assert_failed
    lto-llvm-b8fcf9.o(.text.GPIO_Init) refers to lto-llvm-b8fcf9.o(.rodata.str1.1) for [Anonymous Symbol]
    lto-llvm-b8fcf9.o(.ARM.exidx.text.GPIO_Init) refers to lto-llvm-b8fcf9.o(.text.GPIO_Init) for [Anonymous Symbol]
    lto-llvm-b8fcf9.o(.text.GPIO_DigitalRemapConfig) refers to lto-llvm-b8fcf9.o(.text.assert_failed) for assert_failed
    lto-llvm-b8fcf9.o(.text.GPIO_DigitalRemapConfig) refers to lto-llvm-b8fcf9.o(.rodata.str1.1) for [Anonymous Symbol]
    lto-llvm-b8fcf9.o(.ARM.exidx.text.GPIO_DigitalRemapConfig) refers to lto-llvm-b8fcf9.o(.text.GPIO_DigitalRemapConfig) for [Anonymous Symbol]
    lto-llvm-b8fcf9.o(.text.NVIC_Init) refers to lto-llvm-b8fcf9.o(.text.assert_failed) for assert_failed
    lto-llvm-b8fcf9.o(.text.NVIC_Init) refers to lto-llvm-b8fcf9.o(.rodata.str1.1) for [Anonymous Symbol]
    lto-llvm-b8fcf9.o(.ARM.exidx.text.NVIC_Init) refers to lto-llvm-b8fcf9.o(.text.NVIC_Init) for [Anonymous Symbol]
    depilogue.o(i.__ARM_clz) refers (Special) to iusefp.o(.text) for __I$use$fp


==============================================================================

Removing Unused input sections from the image.

    Removing startup_pt32y003x.o(HEAP), (0 bytes).
    Removing lto-llvm-b8fcf9.o(.text), (0 bytes).
    Removing lto-llvm-b8fcf9.o(.ARM.exidx.text.ADC_Handler), (8 bytes).
    Removing lto-llvm-b8fcf9.o(.ARM.exidx.text.UART0_Handler), (8 bytes).
    Removing lto-llvm-b8fcf9.o(.ARM.exidx.text.Uart_SendStr), (8 bytes).
    Removing lto-llvm-b8fcf9.o(.ARM.exidx.text.main), (8 bytes).
    Removing lto-llvm-b8fcf9.o(.ARM.exidx.text.assert_failed), (8 bytes).
    Removing lto-llvm-b8fcf9.o(.ARM.exidx.text.NMI_Handler), (8 bytes).
    Removing lto-llvm-b8fcf9.o(.ARM.exidx.text.HardFault_Handler), (8 bytes).
    Removing lto-llvm-b8fcf9.o(.ARM.exidx.text.SVC_Handler), (8 bytes).
    Removing lto-llvm-b8fcf9.o(.ARM.exidx.text.PendSV_Handler), (8 bytes).
    Removing lto-llvm-b8fcf9.o(.ARM.exidx.text.SysTick_Handler), (8 bytes).
    Removing lto-llvm-b8fcf9.o(.ARM.exidx.text.IMMC_Handler), (8 bytes).
    Removing lto-llvm-b8fcf9.o(.ARM.exidx.text.EXTIA_Handler), (8 bytes).
    Removing lto-llvm-b8fcf9.o(.ARM.exidx.text.EXTIB_Handler), (8 bytes).
    Removing lto-llvm-b8fcf9.o(.ARM.exidx.text.EXTIC_Handler), (8 bytes).
    Removing lto-llvm-b8fcf9.o(.ARM.exidx.text.EXTID_Handler), (8 bytes).
    Removing lto-llvm-b8fcf9.o(.ARM.exidx.text.TIM1_Handler), (8 bytes).
    Removing lto-llvm-b8fcf9.o(.ARM.exidx.text.TIM3_Handler), (8 bytes).
    Removing lto-llvm-b8fcf9.o(.ARM.exidx.text.TIM4_Handler), (8 bytes).
    Removing lto-llvm-b8fcf9.o(.ARM.exidx.text.PVD_Handler), (8 bytes).
    Removing lto-llvm-b8fcf9.o(.ARM.exidx.text.I2C0_Handler), (8 bytes).
    Removing lto-llvm-b8fcf9.o(.ARM.exidx.text.SPI0_Handler), (8 bytes).
    Removing lto-llvm-b8fcf9.o(.ARM.exidx.text.UART1_Handler), (8 bytes).
    Removing lto-llvm-b8fcf9.o(.ARM.exidx.text.SystemInit), (8 bytes).
    Removing lto-llvm-b8fcf9.o(.ARM.exidx.text.TIM2_Handler), (8 bytes).
    Removing lto-llvm-b8fcf9.o(.text.fputc), (20 bytes).
    Removing lto-llvm-b8fcf9.o(.ARM.exidx.text.fputc), (8 bytes).
    Removing lto-llvm-b8fcf9.o(.text.fgetc), (20 bytes).
    Removing lto-llvm-b8fcf9.o(.ARM.exidx.text.fgetc), (8 bytes).
    Removing lto-llvm-b8fcf9.o(.ARM.exidx.text.ADC_GetScanData), (8 bytes).
    Removing lto-llvm-b8fcf9.o(.ARM.exidx.text.GPIO_Init), (8 bytes).
    Removing lto-llvm-b8fcf9.o(.ARM.exidx.text.GPIO_DigitalRemapConfig), (8 bytes).
    Removing lto-llvm-b8fcf9.o(.ARM.exidx.text.NVIC_Init), (8 bytes).
    Removing lto-llvm-b8fcf9.o(.ARM.use_no_argv), (4 bytes).

35 unused section(s) (total 284 bytes) removed from the image.

==============================================================================

Image Symbol Table

    Local Symbols

    Symbol Name                              Value     Ov Type        Size  Object(Section)

    ../clib/division.s                       0x00000000   Number         0  aeabi_sdiv.o ABSOLUTE
    ../clib/division.s                       0x00000000   Number         0  aeabi_sdiv_div0.o ABSOLUTE
    ../clib/microlib/division.c              0x00000000   Number         0  uidiv.o ABSOLUTE
    ../clib/microlib/division.c              0x00000000   Number         0  uldiv.o ABSOLUTE
    ../clib/microlib/division.c              0x00000000   Number         0  uidiv_div0.o ABSOLUTE
    ../clib/microlib/division.c              0x00000000   Number         0  idiv_div0.o ABSOLUTE
    ../clib/microlib/division.c              0x00000000   Number         0  idiv0.o ABSOLUTE
    ../clib/microlib/init/entry.s            0x00000000   Number         0  entry.o ABSOLUTE
    ../clib/microlib/init/entry.s            0x00000000   Number         0  entry2.o ABSOLUTE
    ../clib/microlib/init/entry.s            0x00000000   Number         0  entry5.o ABSOLUTE
    ../clib/microlib/init/entry.s            0x00000000   Number         0  entry7a.o ABSOLUTE
    ../clib/microlib/init/entry.s            0x00000000   Number         0  entry7b.o ABSOLUTE
    ../clib/microlib/init/entry.s            0x00000000   Number         0  entry8a.o ABSOLUTE
    ../clib/microlib/init/entry.s            0x00000000   Number         0  entry8b.o ABSOLUTE
    ../clib/microlib/init/entry.s            0x00000000   Number         0  entry9a.o ABSOLUTE
    ../clib/microlib/init/entry.s            0x00000000   Number         0  entry9b.o ABSOLUTE
    ../clib/microlib/init/entry.s            0x00000000   Number         0  entry10a.o ABSOLUTE
    ../clib/microlib/init/entry.s            0x00000000   Number         0  entry10b.o ABSOLUTE
    ../clib/microlib/init/entry.s            0x00000000   Number         0  entry11a.o ABSOLUTE
    ../clib/microlib/init/entry.s            0x00000000   Number         0  entry11b.o ABSOLUTE
    ../clib/microlib/longlong.c              0x00000000   Number         0  llshl.o ABSOLUTE
    ../clib/microlib/longlong.c              0x00000000   Number         0  llushr.o ABSOLUTE
    ../clib/microlib/longlong.c              0x00000000   Number         0  llsshr.o ABSOLUTE
    ../clib/microlib/printf/printf.c         0x00000000   Number         0  printfa.o ABSOLUTE
    ../clib/microlib/stdio/streams.c         0x00000000   Number         0  stdout.o ABSOLUTE
    ../clib/microlib/string/memset.c         0x00000000   Number         0  memseta.o ABSOLUTE
    ../clib/microlib/stubs.s                 0x00000000   Number         0  iusefp.o ABSOLUTE
    ../fplib/microlib/fpadd.c                0x00000000   Number         0  dadd.o ABSOLUTE
    ../fplib/microlib/fpdiv.c                0x00000000   Number         0  ddiv.o ABSOLUTE
    ../fplib/microlib/fpepilogue.c           0x00000000   Number         0  depilogue.o ABSOLUTE
    ../fplib/microlib/fpfix.c                0x00000000   Number         0  dfixul.o ABSOLUTE
    ../fplib/microlib/fpmul.c                0x00000000   Number         0  dmul.o ABSOLUTE
    ..\Libraries\SYSTEM\startup_PT32Y003x.s  0x00000000   Number         0  startup_pt32y003x.o ABSOLUTE
    cdrcmple.s                               0x00000000   Number         0  cdrcmple.o ABSOLUTE
    dc.s                                     0x00000000   Number         0  dc.o ABSOLUTE
    handlers.s                               0x00000000   Number         0  handlers.o ABSOLUTE
    init.s                                   0x00000000   Number         0  init.o ABSOLUTE
    ld-temp.o                                0x00000000   Number         0  lto-llvm-b8fcf9.o ABSOLUTE
    RESET                                    0x00000000   Section      220  startup_pt32y003x.o(RESET)
    .ARM.Collect$$$$00000000                 0x000000dc   Section        0  entry.o(.ARM.Collect$$$$00000000)
    .ARM.Collect$$$$00000001                 0x000000dc   Section        4  entry2.o(.ARM.Collect$$$$00000001)
    .ARM.Collect$$$$00000004                 0x000000e0   Section        4  entry5.o(.ARM.Collect$$$$00000004)
    .ARM.Collect$$$$00000008                 0x000000e4   Section        0  entry7b.o(.ARM.Collect$$$$00000008)
    .ARM.Collect$$$$0000000A                 0x000000e4   Section        0  entry8b.o(.ARM.Collect$$$$0000000A)
    .ARM.Collect$$$$0000000B                 0x000000e4   Section        8  entry9a.o(.ARM.Collect$$$$0000000B)
    __lit__00000000                          0x000000ec   Data           4  entry2.o(.ARM.Collect$$$$00002712)
    .ARM.Collect$$$$0000000D                 0x000000ec   Section        0  entry10a.o(.ARM.Collect$$$$0000000D)
    .ARM.Collect$$$$0000000F                 0x000000ec   Section        0  entry11a.o(.ARM.Collect$$$$0000000F)
    .ARM.Collect$$$$00002712                 0x000000ec   Section        4  entry2.o(.ARM.Collect$$$$00002712)
    .text                                    0x000000f0   Section        0  uldiv.o(.text)
    .text                                    0x00000150   Section        0  iusefp.o(.text)
    .text                                    0x00000150   Section        0  dadd.o(.text)
    .text                                    0x000002b4   Section        0  dmul.o(.text)
    .text                                    0x00000384   Section        0  ddiv.o(.text)
    .text                                    0x00000474   Section        0  dfixul.o(.text)
    .text                                    0x000004b4   Section       40  cdrcmple.o(.text)
    .text                                    0x000004dc   Section       48  init.o(.text)
    .text                                    0x0000050c   Section        0  uidiv_div0.o(.text)
    .text                                    0x0000054a   Section        0  llshl.o(.text)
    .text                                    0x0000056a   Section        0  llushr.o(.text)
    .text                                    0x0000058c   Section        0  llsshr.o(.text)
    .text                                    0x000005b2   Section        0  depilogue.o(.text)
    .text                                    0x00000670   Section        0  memseta.o(.text)
    ADC_GetScanData                          0x00000695   Thumb Code    40  lto-llvm-b8fcf9.o(.text.ADC_GetScanData)
    [Anonymous Symbol]                       0x00000694   Section        0  lto-llvm-b8fcf9.o(.text.ADC_GetScanData)
    __arm_cp.26_0                            0x000006bc   Number         4  lto-llvm-b8fcf9.o(.text.ADC_GetScanData)
    __arm_cp.26_1                            0x000006c0   Number         4  lto-llvm-b8fcf9.o(.text.ADC_GetScanData)
    [Anonymous Symbol]                       0x000006c4   Section        0  lto-llvm-b8fcf9.o(.text.ADC_Handler)
    __arm_cp.0_0                             0x000006e0   Number         4  lto-llvm-b8fcf9.o(.text.ADC_Handler)
    [Anonymous Symbol]                       0x000006e4   Section        0  lto-llvm-b8fcf9.o(.text.EXTIA_Handler)
    [Anonymous Symbol]                       0x000006e6   Section        0  lto-llvm-b8fcf9.o(.text.EXTIB_Handler)
    [Anonymous Symbol]                       0x000006e8   Section        0  lto-llvm-b8fcf9.o(.text.EXTIC_Handler)
    [Anonymous Symbol]                       0x000006ea   Section        0  lto-llvm-b8fcf9.o(.text.EXTID_Handler)
    GPIO_DigitalRemapConfig                  0x000006ed   Thumb Code    60  lto-llvm-b8fcf9.o(.text.GPIO_DigitalRemapConfig)
    [Anonymous Symbol]                       0x000006ec   Section        0  lto-llvm-b8fcf9.o(.text.GPIO_DigitalRemapConfig)
    __arm_cp.28_0                            0x00000728   Number         4  lto-llvm-b8fcf9.o(.text.GPIO_DigitalRemapConfig)
    GPIO_Init                                0x0000072d   Thumb Code   124  lto-llvm-b8fcf9.o(.text.GPIO_Init)
    [Anonymous Symbol]                       0x0000072c   Section        0  lto-llvm-b8fcf9.o(.text.GPIO_Init)
    __arm_cp.27_0                            0x000007a8   Number         4  lto-llvm-b8fcf9.o(.text.GPIO_Init)
    [Anonymous Symbol]                       0x000007ac   Section        0  lto-llvm-b8fcf9.o(.text.HardFault_Handler)
    [Anonymous Symbol]                       0x000007ae   Section        0  lto-llvm-b8fcf9.o(.text.I2C0_Handler)
    [Anonymous Symbol]                       0x000007b0   Section        0  lto-llvm-b8fcf9.o(.text.IMMC_Handler)
    [Anonymous Symbol]                       0x000007b2   Section        0  lto-llvm-b8fcf9.o(.text.NMI_Handler)
    NVIC_Init                                0x000007b5   Thumb Code    80  lto-llvm-b8fcf9.o(.text.NVIC_Init)
    [Anonymous Symbol]                       0x000007b4   Section        0  lto-llvm-b8fcf9.o(.text.NVIC_Init)
    __arm_cp.29_0                            0x00000804   Number         4  lto-llvm-b8fcf9.o(.text.NVIC_Init)
    __arm_cp.29_1                            0x00000808   Number         4  lto-llvm-b8fcf9.o(.text.NVIC_Init)
    __arm_cp.29_2                            0x0000080c   Number         4  lto-llvm-b8fcf9.o(.text.NVIC_Init)
    [Anonymous Symbol]                       0x00000810   Section        0  lto-llvm-b8fcf9.o(.text.PVD_Handler)
    [Anonymous Symbol]                       0x00000812   Section        0  lto-llvm-b8fcf9.o(.text.PendSV_Handler)
    [Anonymous Symbol]                       0x00000814   Section        0  lto-llvm-b8fcf9.o(.text.SPI0_Handler)
    [Anonymous Symbol]                       0x00000816   Section        0  lto-llvm-b8fcf9.o(.text.SVC_Handler)
    [Anonymous Symbol]                       0x00000818   Section        0  lto-llvm-b8fcf9.o(.text.SysTick_Handler)
    [Anonymous Symbol]                       0x0000081c   Section        0  lto-llvm-b8fcf9.o(.text.SystemInit)
    __arm_cp.22_1                            0x000008b8   Number         4  lto-llvm-b8fcf9.o(.text.SystemInit)
    __arm_cp.22_2                            0x000008bc   Number         4  lto-llvm-b8fcf9.o(.text.SystemInit)
    [Anonymous Symbol]                       0x000008c0   Section        0  lto-llvm-b8fcf9.o(.text.TIM1_Handler)
    [Anonymous Symbol]                       0x000008c4   Section        0  lto-llvm-b8fcf9.o(.text.TIM2_Handler)
    __arm_cp.23_0                            0x000008e0   Number         4  lto-llvm-b8fcf9.o(.text.TIM2_Handler)
    [Anonymous Symbol]                       0x000008e4   Section        0  lto-llvm-b8fcf9.o(.text.TIM3_Handler)
    [Anonymous Symbol]                       0x000008e6   Section        0  lto-llvm-b8fcf9.o(.text.TIM4_Handler)
    [Anonymous Symbol]                       0x000008e8   Section        0  lto-llvm-b8fcf9.o(.text.UART0_Handler)
    [Anonymous Symbol]                       0x00000934   Section        0  lto-llvm-b8fcf9.o(.text.UART1_Handler)
    Uart_SendStr                             0x00000939   Thumb Code    88  lto-llvm-b8fcf9.o(.text.Uart_SendStr)
    [Anonymous Symbol]                       0x00000938   Section        0  lto-llvm-b8fcf9.o(.text.Uart_SendStr)
    __arm_cp.2_0                             0x00000990   Number         4  lto-llvm-b8fcf9.o(.text.Uart_SendStr)
    __arm_cp.2_2                             0x000009c4   Number         4  lto-llvm-b8fcf9.o(.text.Uart_SendStr)
    __arm_cp.2_3                             0x000009c8   Number         4  lto-llvm-b8fcf9.o(.text.Uart_SendStr)
    __arm_cp.2_4                             0x000009cc   Number         4  lto-llvm-b8fcf9.o(.text.Uart_SendStr)
    assert_failed                            0x000009d1   Thumb Code    10  lto-llvm-b8fcf9.o(.text.assert_failed)
    [Anonymous Symbol]                       0x000009d0   Section        0  lto-llvm-b8fcf9.o(.text.assert_failed)
    [Anonymous Symbol]                       0x000009dc   Section        0  lto-llvm-b8fcf9.o(.text.main)
    __arm_cp.3_0                             0x00000be0   Number         4  lto-llvm-b8fcf9.o(.text.main)
    __arm_cp.3_1                             0x00000be4   Number         4  lto-llvm-b8fcf9.o(.text.main)
    __arm_cp.3_2                             0x00000be8   Number         4  lto-llvm-b8fcf9.o(.text.main)
    __arm_cp.3_3                             0x00000bec   Number         4  lto-llvm-b8fcf9.o(.text.main)
    __arm_cp.3_4                             0x00000bf0   Number         4  lto-llvm-b8fcf9.o(.text.main)
    __arm_cp.3_5                             0x00000bf4   Number         4  lto-llvm-b8fcf9.o(.text.main)
    __arm_cp.3_6                             0x00000bf8   Number         4  lto-llvm-b8fcf9.o(.text.main)
    __arm_cp.3_7                             0x00000bfc   Number         4  lto-llvm-b8fcf9.o(.text.main)
    __arm_cp.3_8                             0x00000c00   Number         4  lto-llvm-b8fcf9.o(.text.main)
    __arm_cp.3_9                             0x00000c04   Number         4  lto-llvm-b8fcf9.o(.text.main)
    __arm_cp.3_10                            0x00000c08   Number         4  lto-llvm-b8fcf9.o(.text.main)
    __arm_cp.3_11                            0x00000c0c   Number         4  lto-llvm-b8fcf9.o(.text.main)
    __arm_cp.3_12                            0x00000c10   Number         4  lto-llvm-b8fcf9.o(.text.main)
    __arm_cp.3_13                            0x00000c14   Number         4  lto-llvm-b8fcf9.o(.text.main)
    __arm_cp.3_14                            0x00000c18   Number         4  lto-llvm-b8fcf9.o(.text.main)
    __arm_cp.3_15                            0x00000c1c   Number         4  lto-llvm-b8fcf9.o(.text.main)
    __arm_cp.3_16                            0x00000c20   Number         4  lto-llvm-b8fcf9.o(.text.main)
    __arm_cp.3_17                            0x00000c24   Number         4  lto-llvm-b8fcf9.o(.text.main)
    i.__0vsnprintf                           0x00000c28   Section        0  printfa.o(i.__0vsnprintf)
    i.__ARM_clz                              0x00000c58   Section        0  depilogue.o(i.__ARM_clz)
    i.__scatterload_copy                     0x00000c86   Section       14  handlers.o(i.__scatterload_copy)
    i.__scatterload_null                     0x00000c94   Section        2  handlers.o(i.__scatterload_null)
    i.__scatterload_zeroinit                 0x00000c96   Section       14  handlers.o(i.__scatterload_zeroinit)
    _fp_digits                               0x00000ca5   Thumb Code   344  printfa.o(i._fp_digits)
    i._fp_digits                             0x00000ca4   Section        0  printfa.o(i._fp_digits)
    _printf_core                             0x00000e19   Thumb Code  1754  printfa.o(i._printf_core)
    i._printf_core                           0x00000e18   Section        0  printfa.o(i._printf_core)
    _printf_post_padding                     0x00001505   Thumb Code    32  printfa.o(i._printf_post_padding)
    i._printf_post_padding                   0x00001504   Section        0  printfa.o(i._printf_post_padding)
    _printf_pre_padding                      0x00001525   Thumb Code    44  printfa.o(i._printf_pre_padding)
    i._printf_pre_padding                    0x00001524   Section        0  printfa.o(i._printf_pre_padding)
    _snputc                                  0x00001551   Thumb Code    22  printfa.o(i._snputc)
    i._snputc                                0x00001550   Section        0  printfa.o(i._snputc)
    [Anonymous Symbol]                       0x00001566   Section        0  lto-llvm-b8fcf9.o(.rodata.str1.1)
    gRevLen                                  0x20000000   Data           2  lto-llvm-b8fcf9.o(.bss..L_MergedGlobals)
    [Anonymous Symbol]                       0x20000000   Section        0  lto-llvm-b8fcf9.o(.bss..L_MergedGlobals)
    gLastRevTick                             0x20000004   Data           4  lto-llvm-b8fcf9.o(.bss..L_MergedGlobals)
    gOtherInts                               0x20000008   Data           4  lto-llvm-b8fcf9.o(.bss..L_MergedGlobals)
    gTick                                    0x2000000c   Data           4  lto-llvm-b8fcf9.o(.bss..L_MergedGlobals)
    gRevBuf                                  0x20000010   Data          65  lto-llvm-b8fcf9.o(.bss..L_MergedGlobals)
    Uart_SendStr.buf                         0x20000051   Data         128  lto-llvm-b8fcf9.o(.bss.Uart_SendStr.buf)
    [Anonymous Symbol]                       0x20000051   Section        0  lto-llvm-b8fcf9.o(.bss.Uart_SendStr.buf)
    STACK                                    0x200000d8   Section      512  startup_pt32y003x.o(STACK)

    Global Symbols

    Symbol Name                              Value     Ov Type        Size  Object(Section)

    BuildAttributes$$THM_ISAv3M$S$PE$A:L22$X:L11$S22$IEEE1$IW$~IW$USESV6$~STKCKD$USESV7$~SHL$OSPACE$ROPI$IEEEF$EBA8$MICROLIB$REQ8$PRES8$EABIv2 0x00000000   Number         0  anon$$obj.o ABSOLUTE
    __Vectors                                0x00000000   Data           4  startup_pt32y003x.o(RESET)
    __cpp_initialize__aeabi_                  - Undefined Weak Reference
    __cxa_finalize                            - Undefined Weak Reference
    __decompress                              - Undefined Weak Reference
    _clock_init                               - Undefined Weak Reference
    _microlib_exit                            - Undefined Weak Reference
    Reset_Handler                            0x000000c1   Thumb Code     8  startup_pt32y003x.o(RESET)
    HSEFAIL_Handler                          0x000000d3   Thumb Code     0  startup_pt32y003x.o(RESET)
    __main                                   0x000000dd   Thumb Code     0  entry.o(.ARM.Collect$$$$00000000)
    _main_stk                                0x000000dd   Thumb Code     0  entry2.o(.ARM.Collect$$$$00000001)
    _main_scatterload                        0x000000e1   Thumb Code     0  entry5.o(.ARM.Collect$$$$00000004)
    __main_after_scatterload                 0x000000e5   Thumb Code     0  entry5.o(.ARM.Collect$$$$00000004)
    _main_clock                              0x000000e5   Thumb Code     0  entry7b.o(.ARM.Collect$$$$00000008)
    _main_cpp_init                           0x000000e5   Thumb Code     0  entry8b.o(.ARM.Collect$$$$0000000A)
    _main_init                               0x000000e5   Thumb Code     0  entry9a.o(.ARM.Collect$$$$0000000B)
    __rt_final_cpp                           0x000000ed   Thumb Code     0  entry10a.o(.ARM.Collect$$$$0000000D)
    __rt_final_exit                          0x000000ed   Thumb Code     0  entry11a.o(.ARM.Collect$$$$0000000F)
    __aeabi_uldivmod                         0x000000f1   Thumb Code    96  uldiv.o(.text)
    __I$use$fp                               0x00000151   Thumb Code     0  iusefp.o(.text)
    __aeabi_dadd                             0x00000151   Thumb Code   328  dadd.o(.text)
    __aeabi_dsub                             0x00000299   Thumb Code    12  dadd.o(.text)
    __aeabi_drsub                            0x000002a5   Thumb Code    12  dadd.o(.text)
    __aeabi_dmul                             0x000002b5   Thumb Code   202  dmul.o(.text)
    __aeabi_ddiv                             0x00000385   Thumb Code   234  ddiv.o(.text)
    __aeabi_d2ulz                            0x00000475   Thumb Code    54  dfixul.o(.text)
    __aeabi_cdrcmple                         0x000004b5   Thumb Code    38  cdrcmple.o(.text)
    __scatterload                            0x000004dd   Thumb Code    38  init.o(.text)
    __scatterload_rt2                        0x000004dd   Thumb Code     0  init.o(.text)
    __aeabi_uidiv                            0x0000050d   Thumb Code     0  uidiv_div0.o(.text)
    __aeabi_uidivmod                         0x0000050d   Thumb Code    62  uidiv_div0.o(.text)
    __aeabi_llsl                             0x0000054b   Thumb Code    32  llshl.o(.text)
    _ll_shift_l                              0x0000054b   Thumb Code     0  llshl.o(.text)
    __aeabi_llsr                             0x0000056b   Thumb Code    34  llushr.o(.text)
    _ll_ushift_r                             0x0000056b   Thumb Code     0  llushr.o(.text)
    __aeabi_lasr                             0x0000058d   Thumb Code    38  llsshr.o(.text)
    _ll_sshift_r                             0x0000058d   Thumb Code     0  llsshr.o(.text)
    _double_round                            0x000005b3   Thumb Code    26  depilogue.o(.text)
    _double_epilogue                         0x000005cd   Thumb Code   164  depilogue.o(.text)
    __aeabi_memset                           0x00000671   Thumb Code    14  memseta.o(.text)
    __aeabi_memset4                          0x00000671   Thumb Code     0  memseta.o(.text)
    __aeabi_memset8                          0x00000671   Thumb Code     0  memseta.o(.text)
    __aeabi_memclr                           0x0000067f   Thumb Code     4  memseta.o(.text)
    __aeabi_memclr4                          0x0000067f   Thumb Code     0  memseta.o(.text)
    __aeabi_memclr8                          0x0000067f   Thumb Code     0  memseta.o(.text)
    _memset$wrapper                          0x00000683   Thumb Code    18  memseta.o(.text)
    ADC_Handler                              0x000006c5   Thumb Code    28  lto-llvm-b8fcf9.o(.text.ADC_Handler)
    EXTIA_Handler                            0x000006e5   Thumb Code     2  lto-llvm-b8fcf9.o(.text.EXTIA_Handler)
    EXTIB_Handler                            0x000006e7   Thumb Code     2  lto-llvm-b8fcf9.o(.text.EXTIB_Handler)
    EXTIC_Handler                            0x000006e9   Thumb Code     2  lto-llvm-b8fcf9.o(.text.EXTIC_Handler)
    EXTID_Handler                            0x000006eb   Thumb Code     2  lto-llvm-b8fcf9.o(.text.EXTID_Handler)
    HardFault_Handler                        0x000007ad   Thumb Code     2  lto-llvm-b8fcf9.o(.text.HardFault_Handler)
    I2C0_Handler                             0x000007af   Thumb Code     2  lto-llvm-b8fcf9.o(.text.I2C0_Handler)
    IMMC_Handler                             0x000007b1   Thumb Code     2  lto-llvm-b8fcf9.o(.text.IMMC_Handler)
    NMI_Handler                              0x000007b3   Thumb Code     2  lto-llvm-b8fcf9.o(.text.NMI_Handler)
    PVD_Handler                              0x00000811   Thumb Code     2  lto-llvm-b8fcf9.o(.text.PVD_Handler)
    PendSV_Handler                           0x00000813   Thumb Code     2  lto-llvm-b8fcf9.o(.text.PendSV_Handler)
    SPI0_Handler                             0x00000815   Thumb Code     2  lto-llvm-b8fcf9.o(.text.SPI0_Handler)
    SVC_Handler                              0x00000817   Thumb Code     2  lto-llvm-b8fcf9.o(.text.SVC_Handler)
    SysTick_Handler                          0x00000819   Thumb Code     2  lto-llvm-b8fcf9.o(.text.SysTick_Handler)
    SystemInit                               0x0000081d   Thumb Code   156  lto-llvm-b8fcf9.o(.text.SystemInit)
    TIM1_Handler                             0x000008c1   Thumb Code     2  lto-llvm-b8fcf9.o(.text.TIM1_Handler)
    TIM2_Handler                             0x000008c5   Thumb Code    28  lto-llvm-b8fcf9.o(.text.TIM2_Handler)
    TIM3_Handler                             0x000008e5   Thumb Code     2  lto-llvm-b8fcf9.o(.text.TIM3_Handler)
    TIM4_Handler                             0x000008e7   Thumb Code     2  lto-llvm-b8fcf9.o(.text.TIM4_Handler)
    UART0_Handler                            0x000008e9   Thumb Code    76  lto-llvm-b8fcf9.o(.text.UART0_Handler)
    UART1_Handler                            0x00000935   Thumb Code     2  lto-llvm-b8fcf9.o(.text.UART1_Handler)
    main                                     0x000009dd   Thumb Code   516  lto-llvm-b8fcf9.o(.text.main)
    __0vsnprintf                             0x00000c29   Thumb Code    44  printfa.o(i.__0vsnprintf)
    __1vsnprintf                             0x00000c29   Thumb Code     0  printfa.o(i.__0vsnprintf)
    __2vsnprintf                             0x00000c29   Thumb Code     0  printfa.o(i.__0vsnprintf)
    __c89vsnprintf                           0x00000c29   Thumb Code     0  printfa.o(i.__0vsnprintf)
    vsnprintf                                0x00000c29   Thumb Code     0  printfa.o(i.__0vsnprintf)
    __ARM_clz                                0x00000c59   Thumb Code    46  depilogue.o(i.__ARM_clz)
    __scatterload_copy                       0x00000c87   Thumb Code    14  handlers.o(i.__scatterload_copy)
    __scatterload_null                       0x00000c95   Thumb Code     2  handlers.o(i.__scatterload_null)
    __scatterload_zeroinit                   0x00000c97   Thumb Code    14  handlers.o(i.__scatterload_zeroinit)
    Region$$Table$$Base                      0x000015cc   Number         0  anon$$obj.o(Region$$Table)
    Region$$Table$$Limit                     0x000015dc   Number         0  anon$$obj.o(Region$$Table)
    __initial_sp                             0x200002d8   Data           0  startup_pt32y003x.o(STACK)



==============================================================================

Memory Map of the image

  Image Entry point : 0x000000dd

  Load Region LR_IROM1 (Base: 0x00000000, Size: 0x000015dc, Max: 0x00008000, ABSOLUTE)

    Execution Region ER_IROM1 (Exec base: 0x00000000, Load base: 0x00000000, Size: 0x000015dc, Max: 0x00008000, ABSOLUTE)

    Exec Addr    Load Addr    Size         Type   Attr      Idx    E Section Name        Object

    0x00000000   0x00000000   0x000000dc   Code   RO           11    RESET               startup_pt32y003x.o
    0x000000dc   0x000000dc   0x00000000   Code   RO           33  * .ARM.Collect$$$$00000000  mc_p.l(entry.o)
    0x000000dc   0x000000dc   0x00000004   Code   RO           64    .ARM.Collect$$$$00000001  mc_p.l(entry2.o)
    0x000000e0   0x000000e0   0x00000004   Code   RO           67    .ARM.Collect$$$$00000004  mc_p.l(entry5.o)
    0x000000e4   0x000000e4   0x00000000   Code   RO           69    .ARM.Collect$$$$00000008  mc_p.l(entry7b.o)
    0x000000e4   0x000000e4   0x00000000   Code   RO           71    .ARM.Collect$$$$0000000A  mc_p.l(entry8b.o)
    0x000000e4   0x000000e4   0x00000008   Code   RO           72    .ARM.Collect$$$$0000000B  mc_p.l(entry9a.o)
    0x000000ec   0x000000ec   0x00000000   Code   RO           74    .ARM.Collect$$$$0000000D  mc_p.l(entry10a.o)
    0x000000ec   0x000000ec   0x00000000   Code   RO           76    .ARM.Collect$$$$0000000F  mc_p.l(entry11a.o)
    0x000000ec   0x000000ec   0x00000004   Code   RO           65    .ARM.Collect$$$$00002712  mc_p.l(entry2.o)
    0x000000f0   0x000000f0   0x00000060   Code   RO           83    .text               mc_p.l(uldiv.o)
    0x00000150   0x00000150   0x00000000   Code   RO           85    .text               mc_p.l(iusefp.o)
    0x00000150   0x00000150   0x00000164   Code   RO           86    .text               mf_p.l(dadd.o)
    0x000002b4   0x000002b4   0x000000d0   Code   RO           88    .text               mf_p.l(dmul.o)
    0x00000384   0x00000384   0x000000f0   Code   RO           90    .text               mf_p.l(ddiv.o)
    0x00000474   0x00000474   0x00000040   Code   RO           92    .text               mf_p.l(dfixul.o)
    0x000004b4   0x000004b4   0x00000028   Code   RO           94    .text               mf_p.l(cdrcmple.o)
    0x000004dc   0x000004dc   0x00000030   Code   RO           96    .text               mc_p.l(init.o)
    0x0000050c   0x0000050c   0x0000003e   Code   RO          100    .text               mc_p.l(uidiv_div0.o)
    0x0000054a   0x0000054a   0x00000020   Code   RO          106    .text               mc_p.l(llshl.o)
    0x0000056a   0x0000056a   0x00000022   Code   RO          108    .text               mc_p.l(llushr.o)
    0x0000058c   0x0000058c   0x00000026   Code   RO          110    .text               mc_p.l(llsshr.o)
    0x000005b2   0x000005b2   0x000000be   Code   RO          112    .text               mf_p.l(depilogue.o)
    0x00000670   0x00000670   0x00000024   Code   RO          188    .text               mc_p.l(memseta.o)
    0x00000694   0x00000694   0x00000030   Code   RO          169    .text.ADC_GetScanData  lto-llvm-b8fcf9.o
    0x000006c4   0x000006c4   0x00000020   Code   RO          117    .text.ADC_Handler   lto-llvm-b8fcf9.o
    0x000006e4   0x000006e4   0x00000002   Code   RO          139    .text.EXTIA_Handler  lto-llvm-b8fcf9.o
    0x000006e6   0x000006e6   0x00000002   Code   RO          141    .text.EXTIB_Handler  lto-llvm-b8fcf9.o
    0x000006e8   0x000006e8   0x00000002   Code   RO          143    .text.EXTIC_Handler  lto-llvm-b8fcf9.o
    0x000006ea   0x000006ea   0x00000002   Code   RO          145    .text.EXTID_Handler  lto-llvm-b8fcf9.o
    0x000006ec   0x000006ec   0x00000040   Code   RO          173    .text.GPIO_DigitalRemapConfig  lto-llvm-b8fcf9.o
    0x0000072c   0x0000072c   0x00000080   Code   RO          171    .text.GPIO_Init     lto-llvm-b8fcf9.o
    0x000007ac   0x000007ac   0x00000002   Code   RO          129    .text.HardFault_Handler  lto-llvm-b8fcf9.o
    0x000007ae   0x000007ae   0x00000002   Code   RO          155    .text.I2C0_Handler  lto-llvm-b8fcf9.o
    0x000007b0   0x000007b0   0x00000002   Code   RO          137    .text.IMMC_Handler  lto-llvm-b8fcf9.o
    0x000007b2   0x000007b2   0x00000002   Code   RO          127    .text.NMI_Handler   lto-llvm-b8fcf9.o
    0x000007b4   0x000007b4   0x0000005c   Code   RO          175    .text.NVIC_Init     lto-llvm-b8fcf9.o
    0x00000810   0x00000810   0x00000002   Code   RO          153    .text.PVD_Handler   lto-llvm-b8fcf9.o
    0x00000812   0x00000812   0x00000002   Code   RO          133    .text.PendSV_Handler  lto-llvm-b8fcf9.o
    0x00000814   0x00000814   0x00000002   Code   RO          157    .text.SPI0_Handler  lto-llvm-b8fcf9.o
    0x00000816   0x00000816   0x00000002   Code   RO          131    .text.SVC_Handler   lto-llvm-b8fcf9.o
    0x00000818   0x00000818   0x00000002   Code   RO          135    .text.SysTick_Handler  lto-llvm-b8fcf9.o
    0x0000081a   0x0000081a   0x00000002   PAD
    0x0000081c   0x0000081c   0x000000a4   Code   RO          161    .text.SystemInit    lto-llvm-b8fcf9.o
    0x000008c0   0x000008c0   0x00000002   Code   RO          147    .text.TIM1_Handler  lto-llvm-b8fcf9.o
    0x000008c2   0x000008c2   0x00000002   PAD
    0x000008c4   0x000008c4   0x00000020   Code   RO          163    .text.TIM2_Handler  lto-llvm-b8fcf9.o
    0x000008e4   0x000008e4   0x00000002   Code   RO          149    .text.TIM3_Handler  lto-llvm-b8fcf9.o
    0x000008e6   0x000008e6   0x00000002   Code   RO          151    .text.TIM4_Handler  lto-llvm-b8fcf9.o
    0x000008e8   0x000008e8   0x0000004c   Code   RO          119    .text.UART0_Handler  lto-llvm-b8fcf9.o
    0x00000934   0x00000934   0x00000002   Code   RO          159    .text.UART1_Handler  lto-llvm-b8fcf9.o
    0x00000936   0x00000936   0x00000002   PAD
    0x00000938   0x00000938   0x00000098   Code   RO          121    .text.Uart_SendStr  lto-llvm-b8fcf9.o
    0x000009d0   0x000009d0   0x0000000a   Code   RO          125    .text.assert_failed  lto-llvm-b8fcf9.o
    0x000009da   0x000009da   0x00000002   PAD
    0x000009dc   0x000009dc   0x0000024c   Code   RO          123    .text.main          lto-llvm-b8fcf9.o
    0x00000c28   0x00000c28   0x00000030   Code   RO           42    i.__0vsnprintf      mc_p.l(printfa.o)
    0x00000c58   0x00000c58   0x0000002e   Code   RO          114    i.__ARM_clz         mf_p.l(depilogue.o)
    0x00000c86   0x00000c86   0x0000000e   Code   RO          192    i.__scatterload_copy  mc_p.l(handlers.o)
    0x00000c94   0x00000c94   0x00000002   Code   RO          193    i.__scatterload_null  mc_p.l(handlers.o)
    0x00000c96   0x00000c96   0x0000000e   Code   RO          194    i.__scatterload_zeroinit  mc_p.l(handlers.o)
    0x00000ca4   0x00000ca4   0x00000174   Code   RO           44    i._fp_digits        mc_p.l(printfa.o)
    0x00000e18   0x00000e18   0x000006ec   Code   RO           45    i._printf_core      mc_p.l(printfa.o)
    0x00001504   0x00001504   0x00000020   Code   RO           46    i._printf_post_padding  mc_p.l(printfa.o)
    0x00001524   0x00001524   0x0000002c   Code   RO           47    i._printf_pre_padding  mc_p.l(printfa.o)
    0x00001550   0x00001550   0x00000016   Code   RO           48    i._snputc           mc_p.l(printfa.o)
    0x00001566   0x00001566   0x00000064   Data   RO          179    .rodata.str1.1      lto-llvm-b8fcf9.o
    0x000015ca   0x000015ca   0x00000002   PAD
    0x000015cc   0x000015cc   0x00000010   Data   RO          191    Region$$Table       anon$$obj.o


    Execution Region RW_IRAM1 (Exec base: 0x20000000, Load base: 0x000015dc, Size: 0x000002d8, Max: 0x00000800, ABSOLUTE)

    Exec Addr    Load Addr    Size         Type   Attr      Idx    E Section Name        Object

    0x20000000        -       0x00000051   Zero   RW          180    .bss..L_MergedGlobals  lto-llvm-b8fcf9.o
    0x20000051        -       0x00000080   Zero   RW          177    .bss.Uart_SendStr.buf  lto-llvm-b8fcf9.o
    0x200000d1   0x000015dc   0x00000007   PAD
    0x200000d8        -       0x00000200   Zero   RW            9    STACK               startup_pt32y003x.o


==============================================================================

Image component sizes


      Code (inc. data)   RO Data    RW Data    ZI Data      Debug   Object Name

      1420        180        100          0        209      28578   lto-llvm-b8fcf9.o
       220        200          0          0        512        628   startup_pt32y003x.o

    ----------------------------------------------------------------------
      1648        380        118          0        728      29206   Object Totals
         0          0         16          0          0          0   (incl. Generated)
         8          0          2          0          7          0   (incl. Padding)

    ----------------------------------------------------------------------

      Code (inc. data)   RO Data    RW Data    ZI Data      Debug   Library Member Name

         0          0          0          0          0          0   entry.o
         0          0          0          0          0          0   entry10a.o
         0          0          0          0          0          0   entry11a.o
         8          4          0          0          0          0   entry2.o
         4          0          0          0          0          0   entry5.o
         0          0          0          0          0          0   entry7b.o
         0          0          0          0          0          0   entry8b.o
         8          4          0          0          0          0   entry9a.o
        30          0          0          0          0          0   handlers.o
        48         10          0          0          0         68   init.o
         0          0          0          0          0          0   iusefp.o
        32          0          0          0          0         68   llshl.o
        38          0          0          0          0         68   llsshr.o
        34          0          0          0          0         68   llushr.o
        36          0          0          0          0        100   memseta.o
      2290         94          0          0          0        460   printfa.o
        62          0          0          0          0         72   uidiv_div0.o
        96          0          0          0          0         84   uldiv.o
        40          2          0          0          0         68   cdrcmple.o
       356          4          0          0          0        140   dadd.o
       240          6          0          0          0         84   ddiv.o
       236          0          0          0          0        216   depilogue.o
        64         10          0          0          0         68   dfixul.o
       208          6          0          0          0         88   dmul.o

    ----------------------------------------------------------------------
      3830        140          0          0          0       1652   Library Totals
         0          0          0          0          0          0   (incl. Padding)

    ----------------------------------------------------------------------

      Code (inc. data)   RO Data    RW Data    ZI Data      Debug   Library Name

      2686        112          0          0          0        988   mc_p.l
      1144         28          0          0          0        664   mf_p.l

    ----------------------------------------------------------------------
      3830        140          0          0          0       1652   Library Totals

    ----------------------------------------------------------------------

==============================================================================


      Code (inc. data)   RO Data    RW Data    ZI Data      Debug   

      5478        520        118          0        728      30210   Grand Totals
      5478        520        118          0        728      30210   ELF Image Totals
      5478        520        118          0          0          0   ROM Totals

==============================================================================

    Total RO  Size (Code + RO Data)                 5596 (   5.46kB)
    Total RW  Size (RW Data + ZI Data)               728 (   0.71kB)
    Total ROM Size (Code + RO Data + RW Data)       5596 (   5.46kB)

==============================================================================

